--------------------------------------------------------------------------------
PCB Quote(RFQ) Report For File: ASB_CAM.Cam   5/6/2019 7:44:23 PM
--------------------------------------------------------------------------------

PCB Quote Units: [inch]


--------------------------------------------------------------------------------
PCB Board Dimensions
--------------------------------------------------------------------------------
Width                         0 inch                        
Height                        0 inch                        
Area                          0 inch²                       
Perimeter                     0 inch                        
--------------------------------------------------------------------------------


--------------------------------------------------------------------------------
Selected Panel Features
--------------------------------------------------------------------------------
Panel Width                   0 inch                        
Panel Height                  0 inch                        
Panelized Boards Count        0                             
Horizontal Count              0                             
Vertical Count                0                             
--------------------------------------------------------------------------------


--------------------------------------------------------------------------------
Board Geometry
--------------------------------------------------------------------------------
Minimum Trace Width           0 inch                        
Minimum Gap Spacing           0 inch                        
--------------------------------------------------------------------------------


--------------------------------------------------------------------------------
Board Area Calculations
--------------------------------------------------------------------------------


--------------------------------------------------------------------------------
Board Drill Information
--------------------------------------------------------------------------------
Drills Count                  0                             
Different Drill Sizes         0                             
Smallest Drill Diameter       0 inch                        
Biggest Drill Diameter        0 inch                        
--------------------------------------------------------------------------------


--------------------------------------------------------------------------------
Via Information
--------------------------------------------------------------------------------
Via Count                     0                             
Via Diameter                  0 inch                        
Buried Via Count              0                             
Blind Via Count               0 inch                        
--------------------------------------------------------------------------------


--------------------------------------------------------------------------------
SMT Pads Information
--------------------------------------------------------------------------------
SMT Pads Count                0                             
SMT Pads Count - Top Side     0                             
SMT Pads Count - Bottom Side  0                             
Minimum Size - Top Side       0 inch                        
Minimum Size - Bottom Side    0 inch                        
Minimum Pitch - Top Side      0 inch                        
Minimum Pitch - Bottom Side   0 inch                        
--------------------------------------------------------------------------------


--------------------------------------------------------------------------------
Layer Name to Layer Type Map
--------------------------------------------------------------------------------
asb.gto                       Silk Top                      
asb.gtp                       Paste Top                     
asb.gts                       Mask Top                      
asb.gtl                       Top                           
asb.gp1                       Neg Plane                     
asb.g1                        Internal                      
asb.gbl                       Bottom                        
asb.gbs                       Mask Bot                      
asb.gbp                       Paste Bot                     
asb.gbo                       Silk Bot                      
asb.gm1                       Temporary                     
asb.gm5                       Temporary                     
asb.gko                       Border                        
asb.gpt                       Temporary                     
asb.gpb                       Temporary                     
asb.gd1                       Drill Top                     
asb.gg1                       Drill Top                     
--------------------------------------------------------------------------------


--------------------------------------------------------------------------------
Board Layer's Count
--------------------------------------------------------------------------------
Signal Layers Count           3                             
Internal Plane Layers Count   1                             
Positive Plane Layers Count   0                             
Drill Layers Count            2                             
Paste Mask Layers Count       2                             
Silkscreen Layers Count       2                             
Solder Mask Layers Count      2                             
--------------------------------------------------------------------------------
