Component: ARM Compiler 5.06 update 5 (build 528) Tool: armlink [4d35e2]

==============================================================================

Section Cross References

    adc_config.o(i.Configure_ADC_Channels) refers to stm32f10x_adc.o(i.ADC_RegularChannelConfig) for ADC_RegularChannelConfig
    adc_config.o(i.Configure_ADC_Channels) refers to adc_config.o(.constdata) for ADC_Channels
    adc_config.o(i.Get_ADC_Converted_Value) refers to stm32f10x_adc.o(i.ADC_RegularChannelConfig) for ADC_RegularChannelConfig
    adc_config.o(i.Get_ADC_Converted_Value) refers to stm32f10x_adc.o(i.ADC_SoftwareStartConvCmd) for ADC_SoftwareStartConvCmd
    adc_config.o(i.Get_ADC_Converted_Value) refers to stm32f10x_adc.o(i.ADC_GetFlagStatus) for ADC_GetFlagStatus
    adc_config.o(i.Get_ADC_Converted_Value) refers to stm32f10x_adc.o(i.ADC_GetConversionValue) for ADC_GetConversionValue
    adc_config.o(i.Get_Current_Voltage_Readings) refers to adc_config.o(i.Get_ADC_Converted_Value) for Get_ADC_Converted_Value
    adc_config.o(i.Get_Current_Voltage_Readings) refers to adc_config.o(.constdata) for ADC_Channels
    adc_config.o(i.PeripheralInit_ADC1) refers to stm32f10x_adc.o(i.ADC_DeInit) for ADC_DeInit
    adc_config.o(i.PeripheralInit_ADC1) refers to stm32f10x_rcc.o(i.RCC_APB2PeriphClockCmd) for RCC_APB2PeriphClockCmd
    adc_config.o(i.PeripheralInit_ADC1) refers to stm32f10x_adc.o(i.ADC_Init) for ADC_Init
    adc_config.o(i.PeripheralInit_ADC1) refers to adc_config.o(i.Configure_ADC_Channels) for Configure_ADC_Channels
    adc_config.o(i.PeripheralInit_ADC1) refers to stm32f10x_adc.o(i.ADC_Cmd) for ADC_Cmd
    adc_config.o(i.PeripheralInit_ADC1) refers to stm32f10x_adc.o(i.ADC_ResetCalibration) for ADC_ResetCalibration
    adc_config.o(i.PeripheralInit_ADC1) refers to stm32f10x_adc.o(i.ADC_GetResetCalibrationStatus) for ADC_GetResetCalibrationStatus
    adc_config.o(i.PeripheralInit_ADC1) refers to stm32f10x_adc.o(i.ADC_StartCalibration) for ADC_StartCalibration
    adc_config.o(i.PeripheralInit_ADC1) refers to stm32f10x_adc.o(i.ADC_GetCalibrationStatus) for ADC_GetCalibrationStatus
    adc_config.o(i.PeripheralInit_ADC1) refers to stm32f10x_gpio.o(i.GPIO_StructInit) for GPIO_StructInit
    adc_config.o(i.PeripheralInit_ADC1) refers to stm32f10x_gpio.o(i.GPIO_Init) for GPIO_Init
    main.o(i.main) refers to spi_config.o(i.PeripheralInit_SPI1) for PeripheralInit_SPI1
    main.o(i.main) refers to adc_config.o(i.PeripheralInit_ADC1) for PeripheralInit_ADC1
    main.o(i.main) refers to utils.o(i.PeripheralInit_GPIO) for PeripheralInit_GPIO
    main.o(i.main) refers to utils.o(i.PeripheralInit_TIM2) for PeripheralInit_TIM2
    main.o(i.main) refers to spi_config.o(i.Get_Temperature_Readings) for Get_Temperature_Readings
    main.o(i.main) refers to adc_config.o(i.Get_Current_Voltage_Readings) for Get_Current_Voltage_Readings
    main.o(i.main) refers to utils.o(i.Set_LEDS) for Set_LEDS
    main.o(i.main) refers to utils.o(i.Check_OCD) for Check_OCD
    main.o(i.main) refers to utils.o(i.Disconnect_Contactors) for Disconnect_Contactors
    main.o(i.main) refers to stm32f10x_tim.o(i.TIM_GetITStatus) for TIM_GetITStatus
    main.o(i.main) refers to stm32f10x_tim.o(i.TIM_ClearITPendingBit) for TIM_ClearITPendingBit
    main.o(i.main) refers to main.o(.constdata) for .constdata
    spi_config.o(i.Get_Temperature_Readings) refers to spi_config.o(i.MicrosecondDelay) for MicrosecondDelay
    spi_config.o(i.Get_Temperature_Readings) refers to spi_config.o(i.Transfer_16b_SPI1_Master) for Transfer_16b_SPI1_Master
    spi_config.o(i.Get_Temperature_Readings) refers to spi_config.o(.constdata) for SPI_ADC_CHANNELS
    spi_config.o(i.PeripheralInit_SPI1) refers to stm32f10x_gpio.o(i.GPIO_StructInit) for GPIO_StructInit
    spi_config.o(i.PeripheralInit_SPI1) refers to stm32f10x_spi.o(i.SPI_StructInit) for SPI_StructInit
    spi_config.o(i.PeripheralInit_SPI1) refers to stm32f10x_rcc.o(i.RCC_APB2PeriphClockCmd) for RCC_APB2PeriphClockCmd
    spi_config.o(i.PeripheralInit_SPI1) refers to stm32f10x_gpio.o(i.GPIO_Init) for GPIO_Init
    spi_config.o(i.PeripheralInit_SPI1) refers to stm32f10x_spi.o(i.SPI_Init) for SPI_Init
    spi_config.o(i.PeripheralInit_SPI1) refers to stm32f10x_spi.o(i.SPI_Cmd) for SPI_Cmd
    spi_config.o(i.Transfer_16b_SPI1_Master) refers to stm32f10x_gpio.o(i.GPIO_ResetBits) for GPIO_ResetBits
    spi_config.o(i.Transfer_16b_SPI1_Master) refers to stm32f10x_spi.o(i.SPI_I2S_GetFlagStatus) for SPI_I2S_GetFlagStatus
    spi_config.o(i.Transfer_16b_SPI1_Master) refers to stm32f10x_spi.o(i.SPI_I2S_SendData) for SPI_I2S_SendData
    spi_config.o(i.Transfer_16b_SPI1_Master) refers to stm32f10x_spi.o(i.SPI_I2S_ReceiveData) for SPI_I2S_ReceiveData
    utils.o(i.Check_OCD) refers to stm32f10x_gpio.o(i.GPIO_ReadInputDataBit) for GPIO_ReadInputDataBit
    utils.o(i.Disconnect_Contactors) refers to stm32f10x_gpio.o(i.GPIO_SetBits) for GPIO_SetBits
[...]
    system_stm32f10x.o(i.SystemInit) refers to system_stm32f10x.o(i.SetSysClock) for SetSysClock
    __main.o(!!!main) refers to __rtentry.o(.ARM.Collect$$rtentry$$00000000) for __rt_entry
    __rtentry.o(.ARM.Collect$$rtentry$$00000000) refers (Special) to __rtentry2.o(.ARM.Collect$$rtentry$$0000000A) for __rt_entry_li
    __rtentry.o(.ARM.Collect$$rtentry$$00000000) refers (Special) to __rtentry2.o(.ARM.Collect$$rtentry$$0000000D) for __rt_entry_main
    __rtentry.o(.ARM.Collect$$rtentry$$00000000) refers (Special) to __rtentry2.o(.ARM.Collect$$rtentry$$0000000C) for __rt_entry_postli_1
    __rtentry.o(.ARM.Collect$$rtentry$$00000000) refers (Special) to __rtentry2.o(.ARM.Collect$$rtentry$$00000009) for __rt_entry_postsh_1
    __rtentry.o(.ARM.Collect$$rtentry$$00000000) refers (Special) to __rtentry2.o(.ARM.Collect$$rtentry$$00000002) for __rt_entry_presh_1
    __rtentry.o(.ARM.Collect$$rtentry$$00000000) refers (Special) to __rtentry4.o(.ARM.Collect$$rtentry$$00000004) for __rt_entry_sh
    __rtentry2.o(.ARM.Collect$$rtentry$$00000008) refers to boardinit2.o(.text) for _platform_post_stackheap_init
    __rtentry2.o(.ARM.Collect$$rtentry$$0000000A) refers to libinit.o(.ARM.Collect$$libinit$$00000000) for __rt_lib_init
    __rtentry2.o(.ARM.Collect$$rtentry$$0000000B) refers to boardinit3.o(.text) for _platform_post_lib_init
    __rtentry2.o(.ARM.Collect$$rtentry$$0000000D) refers to main.o(i.main) for main
    __rtentry2.o(.ARM.Collect$$rtentry$$0000000D) refers to exit.o(.text) for exit
    __rtentry2.o(.ARM.exidx) refers to __rtentry2.o(.ARM.Collect$$rtentry$$00000001) for .ARM.Collect$$rtentry$$00000001
    __rtentry2.o(.ARM.exidx) refers to __rtentry2.o(.ARM.Collect$$rtentry$$00000008) for .ARM.Collect$$rtentry$$00000008
    __rtentry2.o(.ARM.exidx) refers to __rtentry2.o(.ARM.Collect$$rtentry$$0000000A) for .ARM.Collect$$rtentry$$0000000A
    __rtentry2.o(.ARM.exidx) refers to __rtentry2.o(.ARM.Collect$$rtentry$$0000000B) for .ARM.Collect$$rtentry$$0000000B
    __rtentry2.o(.ARM.exidx) refers to __rtentry2.o(.ARM.Collect$$rtentry$$0000000D) for .ARM.Collect$$rtentry$$0000000D
    __rtentry4.o(.ARM.Collect$$rtentry$$00000004) refers to sys_stackheap_outer.o(.text) for __user_setup_stackheap
    __rtentry4.o(.ARM.exidx) refers to __rtentry4.o(.ARM.Collect$$rtentry$$00000004) for .ARM.Collect$$rtentry$$00000004
    sys_stackheap_outer.o(.text) refers to libspace.o(.text) for __user_perproc_libspace
    sys_stackheap_outer.o(.text) refers to startup_stm32f10x_md.o(.text) for __user_initial_stackheap
    exit.o(.text) refers to rtexit.o(.ARM.Collect$$rtexit$$00000000) for __rt_exit
    libinit.o(.ARM.Collect$$libinit$$00000000) refers (Special) to libinit2.o(.ARM.Collect$$libinit$$0000002E) for __rt_lib_init_alloca_1
    libinit.o(.ARM.Collect$$libinit$$00000000) refers (Special) to libinit2.o(.ARM.Collect$$libinit$$0000002C) for __rt_lib_init_argv_1
    libinit.o(.ARM.Collect$$libinit$$00000000) refers (Special) to libinit2.o(.ARM.Collect$$libinit$$0000001B) for __rt_lib_init_atexit_1
    libinit.o(.ARM.Collect$$libinit$$00000000) refers (Special) to libinit2.o(.ARM.Collect$$libinit$$00000021) for __rt_lib_init_clock_1
    libinit.o(.ARM.Collect$$libinit$$00000000) refers (Special) to libinit2.o(.ARM.Collect$$libinit$$00000032) for __rt_lib_init_cpp_1
    libinit.o(.ARM.Collect$$libinit$$00000000) refers (Special) to libinit2.o(.ARM.Collect$$libinit$$00000030) for __rt_lib_init_exceptions_1
    libinit.o(.ARM.Collect$$libinit$$00000000) refers (Special) to libinit2.o(.ARM.Collect$$libinit$$00000002) for __rt_lib_init_fp_1
    libinit.o(.ARM.Collect$$libinit$$00000000) refers (Special) to libinit2.o(.ARM.Collect$$libinit$$0000001F) for __rt_lib_init_fp_trap_1
    libinit.o(.ARM.Collect$$libinit$$00000000) refers (Special) to libinit2.o(.ARM.Collect$$libinit$$00000023) for __rt_lib_init_getenv_1
    libinit.o(.ARM.Collect$$libinit$$00000000) refers (Special) to libinit2.o(.ARM.Collect$$libinit$$0000000A) for __rt_lib_init_heap_1
    libinit.o(.ARM.Collect$$libinit$$00000000) refers (Special) to libinit2.o(.ARM.Collect$$libinit$$00000011) for __rt_lib_init_lc_collate_1
    libinit.o(.ARM.Collect$$libinit$$00000000) refers (Special) to libinit2.o(.ARM.Collect$$libinit$$00000013) for __rt_lib_init_lc_ctype_1
    libinit.o(.ARM.Collect$$libinit$$00000000) refers (Special) to libinit2.o(.ARM.Collect$$libinit$$00000015) for __rt_lib_init_lc_monetary_1
    libinit.o(.ARM.Collect$$libinit$$00000000) refers (Special) to libinit2.o(.ARM.Collect$$libinit$$00000017) for __rt_lib_init_lc_numeric_1
    libinit.o(.ARM.Collect$$libinit$$00000000) refers (Special) to libinit2.o(.ARM.Collect$$libinit$$00000019) for __rt_lib_init_lc_time_1
    libinit.o(.ARM.Collect$$libinit$$00000000) refers (Special) to libinit2.o(.ARM.Collect$$libinit$$00000004) for __rt_lib_init_preinit_1
    libinit.o(.ARM.Collect$$libinit$$00000000) refers (Special) to libinit2.o(.ARM.Collect$$libinit$$0000000E) for __rt_lib_init_rand_1
    libinit.o(.ARM.Collect$$libinit$$00000000) refers (Special) to libinit2.o(.ARM.Collect$$libinit$$00000033) for __rt_lib_init_return
    libinit.o(.ARM.Collect$$libinit$$00000000) refers (Special) to libinit2.o(.ARM.Collect$$libinit$$0000001D) for __rt_lib_init_signal_1
    libinit.o(.ARM.Collect$$libinit$$00000000) refers (Special) to libinit2.o(.ARM.Collect$$libinit$$00000025) for __rt_lib_init_stdio_1
    libinit.o(.ARM.Collect$$libinit$$00000000) refers (Special) to libinit2.o(.ARM.Collect$$libinit$$0000000C) for __rt_lib_init_user_alloc_1
    libspace.o(.text) refers to libspace.o(.bss) for __libspace_start
    rtexit.o(.ARM.Collect$$rtexit$$00000000) refers (Special) to rtexit2.o(.ARM.Collect$$rtexit$$00000004) for __rt_exit_exit
    rtexit.o(.ARM.Collect$$rtexit$$00000000) refers (Special) to rtexit2.o(.ARM.Collect$$rtexit$$00000003) for __rt_exit_ls
    rtexit.o(.ARM.Collect$$rtexit$$00000000) refers (Special) to rtexit2.o(.ARM.Collect$$rtexit$$00000002) for __rt_exit_prels_1
    rtexit.o(.ARM.exidx) refers (Special) to rtexit2.o(.ARM.Collect$$rtexit$$00000004) for __rt_exit_exit
    rtexit.o(.ARM.exidx) refers (Special) to rtexit2.o(.ARM.Collect$$rtexit$$00000003) for __rt_exit_ls
    rtexit.o(.ARM.exidx) refers (Special) to rtexit2.o(.ARM.Collect$$rtexit$$00000002) for __rt_exit_prels_1
    rtexit.o(.ARM.exidx) refers to rtexit.o(.ARM.Collect$$rtexit$$00000000) for .ARM.Collect$$rtexit$$00000000
    libinit2.o(.ARM.Collect$$libinit$$00000010) refers to libinit2.o(.ARM.Collect$$libinit$$0000000F) for .ARM.Collect$$libinit$$0000000F
    libinit2.o(.ARM.Collect$$libinit$$00000012) refers to libinit2.o(.ARM.Collect$$libinit$$0000000F) for .ARM.Collect$$libinit$$0000000F
    libinit2.o(.ARM.Collect$$libinit$$00000014) refers to libinit2.o(.ARM.Collect$$libinit$$0000000F) for .ARM.Collect$$libinit$$0000000F
    libinit2.o(.ARM.Collect$$libinit$$00000016) refers to libinit2.o(.ARM.Collect$$libinit$$0000000F) for .ARM.Collect$$libinit$$0000000F
    libinit2.o(.ARM.Collect$$libinit$$00000018) refers to libinit2.o(.ARM.Collect$$libinit$$0000000F) for .ARM.Collect$$libinit$$0000000F
    libinit2.o(.ARM.Collect$$libinit$$00000026) refers to argv_veneer.o(.emb_text) for __ARM_argv_veneer
    libinit2.o(.ARM.Collect$$libinit$$00000027) refers to argv_veneer.o(.emb_text) for __ARM_argv_veneer
    rtexit2.o(.ARM.Collect$$rtexit$$00000003) refers to libshutdown.o(.ARM.Collect$$libshutdown$$00000000) for __rt_lib_shutdown
    rtexit2.o(.ARM.Collect$$rtexit$$00000004) refers to sys_exit.o(.text) for _sys_exit
    rtexit2.o(.ARM.exidx) refers to rtexit2.o(.ARM.Collect$$rtexit$$00000001) for .ARM.Collect$$rtexit$$00000001
    rtexit2.o(.ARM.exidx) refers to rtexit2.o(.ARM.Collect$$rtexit$$00000003) for .ARM.Collect$$rtexit$$00000003
    rtexit2.o(.ARM.exidx) refers to rtexit2.o(.ARM.Collect$$rtexit$$00000004) for .ARM.Collect$$rtexit$$00000004
    argv_veneer.o(.emb_text) refers to no_argv.o(.text) for __ARM_get_argv
    sys_exit.o(.text) refers (Special) to use_no_semi.o(.text) for __I$use$semihosting
    sys_exit.o(.text) refers (Special) to indicate_semi.o(.text) for __semihosting_library_function
    _get_argv_nomalloc.o(.text) refers (Special) to hrguard.o(.text) for __heap_region$guard
    _get_argv_nomalloc.o(.text) refers to defsig_rtmem_outer.o(.text) for __rt_SIGRTMEM
    _get_argv_nomalloc.o(.text) refers to sys_command.o(.text) for _sys_command_string
    libshutdown.o(.ARM.Collect$$libshutdown$$00000000) refers (Special) to libshutdown2.o(.ARM.Collect$$libshutdown$$00000002) for __rt_lib_shutdown_cpp_1
    libshutdown.o(.ARM.Collect$$libshutdown$$00000000) refers (Special) to libshutdown2.o(.ARM.Collect$$libshutdown$$00000007) for __rt_lib_shutdown_fp_trap_1
    libshutdown.o(.ARM.Collect$$libshutdown$$00000000) refers (Special) to libshutdown2.o(.ARM.Collect$$libshutdown$$0000000F) for __rt_lib_shutdown_heap_1
    libshutdown.o(.ARM.Collect$$libshutdown$$00000000) refers (Special) to libshutdown2.o(.ARM.Collect$$libshutdown$$00000010) for __rt_lib_shutdown_return
    libshutdown.o(.ARM.Collect$$libshutdown$$00000000) refers (Special) to libshutdown2.o(.ARM.Collect$$libshutdown$$0000000A) for __rt_lib_shutdown_signal_1
    libshutdown.o(.ARM.Collect$$libshutdown$$00000000) refers (Special) to libshutdown2.o(.ARM.Collect$$libshutdown$$00000004) for __rt_lib_shutdown_stdio_1
    libshutdown.o(.ARM.Collect$$libshutdown$$00000000) refers (Special) to libshutdown2.o(.ARM.Collect$$libshutdown$$0000000C) for __rt_lib_shutdown_user_alloc_1
    sys_command.o(.text) refers (Special) to use_no_semi.o(.text) for __I$use$semihosting
    sys_command.o(.text) refers (Special) to indicate_semi.o(.text) for __semihosting_library_function
    defsig_rtmem_outer.o(.text) refers to defsig_rtmem_inner.o(.text) for __rt_SIGRTMEM_inner
    defsig_rtmem_outer.o(.text) refers to defsig_exit.o(.text) for __sig_exit
    defsig_rtmem_formal.o(.text) refers to rt_raise.o(.text) for __rt_raise
    rt_raise.o(.text) refers to __raise.o(.text) for __raise
    rt_raise.o(.text) refers to sys_exit.o(.text) for _sys_exit
    defsig_exit.o(.text) refers to sys_exit.o(.text) for _sys_exit
    defsig_rtmem_inner.o(.text) refers to defsig_general.o(.text) for __default_signal_display
    __raise.o(.text) refers to defsig.o(CL$$defsig) for __default_signal_handler
    defsig_general.o(.text) refers to sys_wrch.o(.text) for _ttywrch
    sys_wrch.o(.text) refers (Special) to use_no_semi.o(.text) for __I$use$semihosting
    sys_wrch.o(.text) refers (Special) to indicate_semi.o(.text) for __semihosting_library_function
    defsig.o(CL$$defsig) refers to defsig_rtmem_inner.o(.text) for __rt_SIGRTMEM_inner
    defsig_abrt_inner.o(.text) refers to defsig_general.o(.text) for __default_signal_display
    defsig_fpe_inner.o(.text) refers to defsig_general.o(.text) for __default_signal_display
    defsig_rtred_inner.o(.text) refers to defsig_general.o(.text) for __default_signal_display
    defsig_stak_inner.o(.text) refers to defsig_general.o(.text) for __default_signal_display
    defsig_pvfn_inner.o(.text) refers to defsig_general.o(.text) for __default_signal_display
    defsig_cppl_inner.o(.text) refers to defsig_general.o(.text) for __default_signal_display
    defsig_segv_inner.o(.text) refers to defsig_general.o(.text) for __default_signal_display
    defsig_other.o(.text) refers to defsig_general.o(.text) for __default_signal_display


==============================================================================

Removing Unused input sections from the image.

    Removing can.o(.rev16_text), (4 bytes).
    Removing can.o(.revsh_text), (4 bytes).
    Removing can.o(.rrx_text), (6 bytes).
    Removing can.o(i.CANInit), (308 bytes).
    Removing can.o(i.CANMsgAvail), (16 bytes).
    Removing can.o(i.CANReceive), (124 bytes).
    Removing can.o(i.CANSend), (124 bytes).
    Removing adc_config.o(.rev16_text), (4 bytes).
    Removing adc_config.o(.revsh_text), (4 bytes).
    Removing adc_config.o(.rrx_text), (6 bytes).
    Removing main.o(.rev16_text), (4 bytes).
    Removing main.o(.revsh_text), (4 bytes).
    Removing main.o(.rrx_text), (6 bytes).
    Removing main.o(.bss), (24 bytes).
    Removing spi_config.o(.rev16_text), (4 bytes).
    Removing spi_config.o(.revsh_text), (4 bytes).
    Removing spi_config.o(.rrx_text), (6 bytes).
    Removing utils.o(.rev16_text), (4 bytes).
    Removing utils.o(.revsh_text), (4 bytes).
    Removing utils.o(.rrx_text), (6 bytes).
    Removing utils.o(i.Send_CAN_Data), (432 bytes).
    Removing utils.o(.constdata), (72 bytes).
    Removing misc.o(.rev16_text), (4 bytes).
    Removing misc.o(.revsh_text), (4 bytes).
    Removing misc.o(.rrx_text), (6 bytes).
    Removing misc.o(i.NVIC_Init), (112 bytes).
    Removing misc.o(i.NVIC_PriorityGroupConfig), (20 bytes).
    Removing misc.o(i.NVIC_SetVectorTable), (20 bytes).
    Removing misc.o(i.NVIC_SystemLPConfig), (32 bytes).
    Removing misc.o(i.SysTick_CLKSourceConfig), (40 bytes).
    Removing stm32f10x_adc.o(.rev16_text), (4 bytes).
    Removing stm32f10x_adc.o(.revsh_text), (4 bytes).
    Removing stm32f10x_adc.o(.rrx_text), (6 bytes).
    Removing stm32f10x_adc.o(i.ADC_AnalogWatchdogCmd), (20 bytes).
    Removing stm32f10x_adc.o(i.ADC_AnalogWatchdogSingleChannelConfig), (16 bytes).
    Removing stm32f10x_adc.o(i.ADC_AnalogWatchdogThresholdsConfig), (6 bytes).
    Removing stm32f10x_adc.o(i.ADC_AutoInjectedConvCmd), (22 bytes).
    Removing stm32f10x_adc.o(i.ADC_ClearFlag), (6 bytes).
    Removing stm32f10x_adc.o(i.ADC_ClearITPendingBit), (10 bytes).
    Removing stm32f10x_adc.o(i.ADC_DMACmd), (22 bytes).
    Removing stm32f10x_adc.o(i.ADC_DiscModeChannelCountConfig), (24 bytes).
    Removing stm32f10x_adc.o(i.ADC_DiscModeCmd), (22 bytes).
    Removing stm32f10x_adc.o(i.ADC_ExternalTrigConvCmd), (22 bytes).
    Removing stm32f10x_adc.o(i.ADC_ExternalTrigInjectedConvCmd), (22 bytes).
    Removing stm32f10x_adc.o(i.ADC_ExternalTrigInjectedConvConfig), (16 bytes).
    Removing stm32f10x_adc.o(i.ADC_GetDualModeConversionValue), (12 bytes).
    Removing stm32f10x_adc.o(i.ADC_GetITStatus), (36 bytes).
    Removing stm32f10x_adc.o(i.ADC_GetInjectedConversionValue), (28 bytes).
    Removing stm32f10x_adc.o(i.ADC_GetSoftwareStartConvStatus), (20 bytes).
    Removing stm32f10x_adc.o(i.ADC_GetSoftwareStartInjectedConvCmdStatus), (20 bytes).
    Removing stm32f10x_adc.o(i.ADC_ITConfig), (24 bytes).
    Removing stm32f10x_adc.o(i.ADC_InjectedChannelConfig), (130 bytes).
    Removing stm32f10x_adc.o(i.ADC_InjectedDiscModeCmd), (22 bytes).
    Removing stm32f10x_adc.o(i.ADC_InjectedSequencerLengthConfig), (24 bytes).
    Removing stm32f10x_adc.o(i.ADC_SetInjectedOffset), (20 bytes).
    Removing stm32f10x_adc.o(i.ADC_SoftwareStartInjectedConvCmd), (22 bytes).
    Removing stm32f10x_adc.o(i.ADC_StructInit), (18 bytes).
    Removing stm32f10x_adc.o(i.ADC_TempSensorVrefintCmd), (36 bytes).
    Removing stm32f10x_can.o(.rev16_text), (4 bytes).
    Removing stm32f10x_can.o(.revsh_text), (4 bytes).
    Removing stm32f10x_can.o(.rrx_text), (6 bytes).
    Removing stm32f10x_can.o(i.CAN_CancelTransmit), (48 bytes).
    Removing stm32f10x_can.o(i.CAN_ClearFlag), (56 bytes).
    Removing stm32f10x_can.o(i.CAN_ClearITPendingBit), (168 bytes).
    Removing stm32f10x_can.o(i.CAN_DBGFreeze), (22 bytes).
    Removing stm32f10x_can.o(i.CAN_DeInit), (56 bytes).
    Removing stm32f10x_can.o(i.CAN_FIFORelease), (22 bytes).
    Removing stm32f10x_can.o(i.CAN_FilterInit), (264 bytes).
    Removing stm32f10x_can.o(i.CAN_GetFlagStatus), (120 bytes).
    Removing stm32f10x_can.o(i.CAN_GetITStatus), (288 bytes).
    Removing stm32f10x_can.o(i.CAN_GetLSBTransmitErrorCounter), (12 bytes).
    Removing stm32f10x_can.o(i.CAN_GetLastErrorCode), (12 bytes).
    Removing stm32f10x_can.o(i.CAN_GetReceiveErrorCounter), (10 bytes).
    Removing stm32f10x_can.o(i.CAN_ITConfig), (18 bytes).
    Removing stm32f10x_can.o(i.CAN_Init), (276 bytes).
    Removing stm32f10x_can.o(i.CAN_MessagePending), (30 bytes).
    Removing stm32f10x_can.o(i.CAN_OperatingModeRequest), (162 bytes).
    Removing stm32f10x_can.o(i.CAN_Receive), (240 bytes).
    Removing stm32f10x_can.o(i.CAN_SlaveStartBank), (52 bytes).
    Removing stm32f10x_can.o(i.CAN_Sleep), (30 bytes).
    Removing stm32f10x_can.o(i.CAN_StructInit), (32 bytes).
    Removing stm32f10x_can.o(i.CAN_TTComModeCmd), (118 bytes).
    Removing stm32f10x_can.o(i.CAN_Transmit), (294 bytes).
    Removing stm32f10x_can.o(i.CAN_TransmitStatus), (160 bytes).
    Removing stm32f10x_can.o(i.CAN_WakeUp), (48 bytes).
    Removing stm32f10x_can.o(i.CheckITStatus), (18 bytes).
    Removing stm32f10x_dma.o(.rev16_text), (4 bytes).
    Removing stm32f10x_dma.o(.revsh_text), (4 bytes).
    Removing stm32f10x_dma.o(.rrx_text), (6 bytes).
    Removing stm32f10x_dma.o(i.DMA_ClearFlag), (28 bytes).
    Removing stm32f10x_dma.o(i.DMA_ClearITPendingBit), (28 bytes).
    Removing stm32f10x_dma.o(i.DMA_Cmd), (24 bytes).
    Removing stm32f10x_dma.o(i.DMA_DeInit), (332 bytes).
    Removing stm32f10x_dma.o(i.DMA_GetCurrDataCounter), (8 bytes).
    Removing stm32f10x_dma.o(i.DMA_GetFlagStatus), (44 bytes).
    Removing stm32f10x_dma.o(i.DMA_GetITStatus), (44 bytes).
    Removing stm32f10x_dma.o(i.DMA_ITConfig), (18 bytes).
    Removing stm32f10x_dma.o(i.DMA_Init), (60 bytes).
    Removing stm32f10x_dma.o(i.DMA_SetCurrDataCounter), (4 bytes).
    Removing stm32f10x_dma.o(i.DMA_StructInit), (26 bytes).
    Removing stm32f10x_gpio.o(.rev16_text), (4 bytes).
    Removing stm32f10x_gpio.o(.revsh_text), (4 bytes).
    Removing stm32f10x_gpio.o(.rrx_text), (6 bytes).
    Removing stm32f10x_gpio.o(i.GPIO_AFIODeInit), (20 bytes).
    Removing stm32f10x_gpio.o(i.GPIO_DeInit), (200 bytes).
    Removing stm32f10x_gpio.o(i.GPIO_ETH_MediaInterfaceConfig), (12 bytes).
    Removing stm32f10x_gpio.o(i.GPIO_EXTILineConfig), (64 bytes).
    Removing stm32f10x_gpio.o(i.GPIO_EventOutputCmd), (12 bytes).
    Removing stm32f10x_gpio.o(i.GPIO_EventOutputConfig), (32 bytes).
    Removing stm32f10x_gpio.o(i.GPIO_PinLockConfig), (18 bytes).
    Removing stm32f10x_gpio.o(i.GPIO_PinRemapConfig), (144 bytes).
    Removing stm32f10x_gpio.o(i.GPIO_ReadInputData), (8 bytes).
    Removing stm32f10x_gpio.o(i.GPIO_ReadOutputData), (8 bytes).
    Removing stm32f10x_gpio.o(i.GPIO_ReadOutputDataBit), (18 bytes).
    Removing stm32f10x_gpio.o(i.GPIO_Write), (4 bytes).
    Removing stm32f10x_gpio.o(i.GPIO_WriteBit), (10 bytes).
    Removing stm32f10x_rcc.o(.rev16_text), (4 bytes).
    Removing stm32f10x_rcc.o(.revsh_text), (4 bytes).
    Removing stm32f10x_rcc.o(.rrx_text), (6 bytes).
    Removing stm32f10x_rcc.o(i.RCC_ADCCLKConfig), (24 bytes).
    Removing stm32f10x_rcc.o(i.RCC_AHBPeriphClockCmd), (32 bytes).
    Removing stm32f10x_rcc.o(i.RCC_APB1PeriphResetCmd), (32 bytes).
    Removing stm32f10x_rcc.o(i.RCC_AdjustHSICalibrationValue), (24 bytes).
    Removing stm32f10x_rcc.o(i.RCC_BackupResetCmd), (12 bytes).
    Removing stm32f10x_rcc.o(i.RCC_ClearFlag), (20 bytes).
    Removing stm32f10x_rcc.o(i.RCC_ClearITPendingBit), (12 bytes).
    Removing stm32f10x_rcc.o(i.RCC_ClockSecuritySystemCmd), (12 bytes).
    Removing stm32f10x_rcc.o(i.RCC_DeInit), (76 bytes).
    Removing stm32f10x_rcc.o(i.RCC_GetClocksFreq), (212 bytes).
    Removing stm32f10x_rcc.o(i.RCC_GetFlagStatus), (60 bytes).
    Removing stm32f10x_rcc.o(i.RCC_GetITStatus), (24 bytes).
    Removing stm32f10x_rcc.o(i.RCC_GetSYSCLKSource), (16 bytes).
    Removing stm32f10x_rcc.o(i.RCC_HCLKConfig), (24 bytes).
    Removing stm32f10x_rcc.o(i.RCC_HSEConfig), (76 bytes).
    Removing stm32f10x_rcc.o(i.RCC_HSICmd), (12 bytes).
    Removing stm32f10x_rcc.o(i.RCC_ITConfig), (32 bytes).
    Removing stm32f10x_rcc.o(i.RCC_LSEConfig), (52 bytes).
    Removing stm32f10x_rcc.o(i.RCC_LSICmd), (12 bytes).
    Removing stm32f10x_rcc.o(i.RCC_MCOConfig), (12 bytes).
    Removing stm32f10x_rcc.o(i.RCC_PCLK1Config), (24 bytes).
    Removing stm32f10x_rcc.o(i.RCC_PCLK2Config), (24 bytes).
    Removing stm32f10x_rcc.o(i.RCC_PLLCmd), (12 bytes).
    Removing stm32f10x_rcc.o(i.RCC_PLLConfig), (28 bytes).
    Removing stm32f10x_rcc.o(i.RCC_RTCCLKCmd), (12 bytes).
    Removing stm32f10x_rcc.o(i.RCC_RTCCLKConfig), (16 bytes).
    Removing stm32f10x_rcc.o(i.RCC_SYSCLKConfig), (24 bytes).
    Removing stm32f10x_rcc.o(i.RCC_USBCLKConfig), (12 bytes).
    Removing stm32f10x_rcc.o(i.RCC_WaitForHSEStartUp), (56 bytes).
    Removing stm32f10x_rcc.o(.data), (20 bytes).
    Removing stm32f10x_spi.o(.rev16_text), (4 bytes).
    Removing stm32f10x_spi.o(.revsh_text), (4 bytes).
    Removing stm32f10x_spi.o(.rrx_text), (6 bytes).
    Removing stm32f10x_spi.o(i.I2S_Cmd), (24 bytes).
    Removing stm32f10x_spi.o(i.I2S_Init), (232 bytes).
    Removing stm32f10x_spi.o(i.I2S_StructInit), (20 bytes).
    Removing stm32f10x_spi.o(i.SPI_BiDirectionalLineConfig), (28 bytes).
    Removing stm32f10x_spi.o(i.SPI_CalculateCRC), (24 bytes).
    Removing stm32f10x_spi.o(i.SPI_DataSizeConfig), (18 bytes).
    Removing stm32f10x_spi.o(i.SPI_GetCRC), (16 bytes).
    Removing stm32f10x_spi.o(i.SPI_GetCRCPolynomial), (6 bytes).
    Removing stm32f10x_spi.o(i.SPI_I2S_ClearFlag), (6 bytes).
    Removing stm32f10x_spi.o(i.SPI_I2S_ClearITPendingBit), (20 bytes).
    Removing stm32f10x_spi.o(i.SPI_I2S_DMACmd), (18 bytes).
    Removing stm32f10x_spi.o(i.SPI_I2S_DeInit), (88 bytes).
    Removing stm32f10x_spi.o(i.SPI_I2S_GetITStatus), (52 bytes).
    Removing stm32f10x_spi.o(i.SPI_I2S_ITConfig), (32 bytes).
    Removing stm32f10x_spi.o(i.SPI_NSSInternalSoftwareConfig), (30 bytes).
    Removing stm32f10x_spi.o(i.SPI_SSOutputCmd), (24 bytes).
    Removing stm32f10x_spi.o(i.SPI_TransmitCRC), (10 bytes).
    Removing stm32f10x_tim.o(.rev16_text), (4 bytes).
    Removing stm32f10x_tim.o(.revsh_text), (4 bytes).
    Removing stm32f10x_tim.o(.rrx_text), (6 bytes).
    Removing stm32f10x_tim.o(i.TI1_Config), (128 bytes).
    Removing stm32f10x_tim.o(i.TI2_Config), (152 bytes).
    Removing stm32f10x_tim.o(i.TI3_Config), (144 bytes).
    Removing stm32f10x_tim.o(i.TI4_Config), (152 bytes).
    Removing stm32f10x_tim.o(i.TIM_ARRPreloadConfig), (24 bytes).
    Removing stm32f10x_tim.o(i.TIM_BDTRConfig), (32 bytes).
    Removing stm32f10x_tim.o(i.TIM_BDTRStructInit), (18 bytes).
    Removing stm32f10x_tim.o(i.TIM_CCPreloadControl), (24 bytes).
    Removing stm32f10x_tim.o(i.TIM_CCxCmd), (30 bytes).
    Removing stm32f10x_tim.o(i.TIM_CCxNCmd), (30 bytes).
    Removing stm32f10x_tim.o(i.TIM_ClearFlag), (6 bytes).
    Removing stm32f10x_tim.o(i.TIM_ClearOC1Ref), (18 bytes).
    Removing stm32f10x_tim.o(i.TIM_ClearOC2Ref), (24 bytes).
    Removing stm32f10x_tim.o(i.TIM_ClearOC3Ref), (18 bytes).
    Removing stm32f10x_tim.o(i.TIM_ClearOC4Ref), (24 bytes).
    Removing stm32f10x_tim.o(i.TIM_CounterModeConfig), (18 bytes).
    Removing stm32f10x_tim.o(i.TIM_CtrlPWMOutputs), (30 bytes).
    Removing stm32f10x_tim.o(i.TIM_DMACmd), (18 bytes).
    Removing stm32f10x_tim.o(i.TIM_DMAConfig), (10 bytes).
    Removing stm32f10x_tim.o(i.TIM_DeInit), (488 bytes).
    Removing stm32f10x_tim.o(i.TIM_ETRClockMode1Config), (54 bytes).
    Removing stm32f10x_tim.o(i.TIM_ETRClockMode2Config), (32 bytes).
    Removing stm32f10x_tim.o(i.TIM_ETRConfig), (28 bytes).
    Removing stm32f10x_tim.o(i.TIM_EncoderInterfaceConfig), (66 bytes).
    Removing stm32f10x_tim.o(i.TIM_ForcedOC1Config), (18 bytes).
    Removing stm32f10x_tim.o(i.TIM_ForcedOC2Config), (26 bytes).
    Removing stm32f10x_tim.o(i.TIM_ForcedOC3Config), (18 bytes).
    Removing stm32f10x_tim.o(i.TIM_ForcedOC4Config), (26 bytes).
    Removing stm32f10x_tim.o(i.TIM_GenerateEvent), (4 bytes).
    Removing stm32f10x_tim.o(i.TIM_GetCapture1), (6 bytes).
    Removing stm32f10x_tim.o(i.TIM_GetCapture2), (6 bytes).
    Removing stm32f10x_tim.o(i.TIM_GetCapture3), (6 bytes).
    Removing stm32f10x_tim.o(i.TIM_GetCapture4), (8 bytes).
    Removing stm32f10x_tim.o(i.TIM_GetCounter), (6 bytes).
    Removing stm32f10x_tim.o(i.TIM_GetFlagStatus), (18 bytes).
    Removing stm32f10x_tim.o(i.TIM_GetPrescaler), (6 bytes).
    Removing stm32f10x_tim.o(i.TIM_ICInit), (172 bytes).
    Removing stm32f10x_tim.o(i.TIM_ICStructInit), (18 bytes).
    Removing stm32f10x_tim.o(i.TIM_ITRxExternalClockConfig), (24 bytes).
    Removing stm32f10x_tim.o(i.TIM_InternalClockConfig), (12 bytes).
    Removing stm32f10x_tim.o(i.TIM_OC1FastConfig), (18 bytes).
    Removing stm32f10x_tim.o(i.TIM_OC1Init), (152 bytes).
    Removing stm32f10x_tim.o(i.TIM_OC1NPolarityConfig), (18 bytes).
    Removing stm32f10x_tim.o(i.TIM_OC1PolarityConfig), (18 bytes).
    Removing stm32f10x_tim.o(i.TIM_OC1PreloadConfig), (18 bytes).
    Removing stm32f10x_tim.o(i.TIM_OC2FastConfig), (26 bytes).
    Removing stm32f10x_tim.o(i.TIM_OC2Init), (164 bytes).
    Removing stm32f10x_tim.o(i.TIM_OC2NPolarityConfig), (26 bytes).
    Removing stm32f10x_tim.o(i.TIM_OC2PolarityConfig), (26 bytes).
    Removing stm32f10x_tim.o(i.TIM_OC2PreloadConfig), (26 bytes).
    Removing stm32f10x_tim.o(i.TIM_OC3FastConfig), (18 bytes).
    Removing stm32f10x_tim.o(i.TIM_OC3Init), (160 bytes).
    Removing stm32f10x_tim.o(i.TIM_OC3NPolarityConfig), (26 bytes).
    Removing stm32f10x_tim.o(i.TIM_OC3PolarityConfig), (26 bytes).
    Removing stm32f10x_tim.o(i.TIM_OC3PreloadConfig), (18 bytes).
    Removing stm32f10x_tim.o(i.TIM_OC4FastConfig), (26 bytes).
    Removing stm32f10x_tim.o(i.TIM_OC4Init), (124 bytes).
    Removing stm32f10x_tim.o(i.TIM_OC4PolarityConfig), (26 bytes).
    Removing stm32f10x_tim.o(i.TIM_OC4PreloadConfig), (26 bytes).
    Removing stm32f10x_tim.o(i.TIM_OCStructInit), (20 bytes).
    Removing stm32f10x_tim.o(i.TIM_PWMIConfig), (124 bytes).
    Removing stm32f10x_tim.o(i.TIM_PrescalerConfig), (6 bytes).
    Removing stm32f10x_tim.o(i.TIM_SelectCCDMA), (24 bytes).
    Removing stm32f10x_tim.o(i.TIM_SelectCOM), (24 bytes).
    Removing stm32f10x_tim.o(i.TIM_SelectHallSensor), (24 bytes).
    Removing stm32f10x_tim.o(i.TIM_SelectInputTrigger), (18 bytes).
    Removing stm32f10x_tim.o(i.TIM_SelectMasterSlaveMode), (18 bytes).
    Removing stm32f10x_tim.o(i.TIM_SelectOCxM), (82 bytes).
    Removing stm32f10x_tim.o(i.TIM_SelectOnePulseMode), (18 bytes).
    Removing stm32f10x_tim.o(i.TIM_SelectOutputTrigger), (18 bytes).
    Removing stm32f10x_tim.o(i.TIM_SelectSlaveMode), (18 bytes).
    Removing stm32f10x_tim.o(i.TIM_SetAutoreload), (4 bytes).
    Removing stm32f10x_tim.o(i.TIM_SetClockDivision), (18 bytes).
    Removing stm32f10x_tim.o(i.TIM_SetCompare1), (4 bytes).
    Removing stm32f10x_tim.o(i.TIM_SetCompare2), (4 bytes).
    Removing stm32f10x_tim.o(i.TIM_SetCompare3), (4 bytes).
    Removing stm32f10x_tim.o(i.TIM_SetCompare4), (6 bytes).
    Removing stm32f10x_tim.o(i.TIM_SetCounter), (4 bytes).
    Removing stm32f10x_tim.o(i.TIM_SetIC1Prescaler), (18 bytes).
    Removing stm32f10x_tim.o(i.TIM_SetIC2Prescaler), (26 bytes).
    Removing stm32f10x_tim.o(i.TIM_SetIC3Prescaler), (18 bytes).
    Removing stm32f10x_tim.o(i.TIM_SetIC4Prescaler), (26 bytes).
    Removing stm32f10x_tim.o(i.TIM_TIxExternalClockConfig), (62 bytes).
    Removing stm32f10x_tim.o(i.TIM_TimeBaseStructInit), (18 bytes).
    Removing stm32f10x_tim.o(i.TIM_UpdateDisableConfig), (24 bytes).
    Removing stm32f10x_tim.o(i.TIM_UpdateRequestConfig), (24 bytes).
    Removing dma_stm32f10x.o(.rev16_text), (4 bytes).
    Removing dma_stm32f10x.o(.revsh_text), (4 bytes).
    Removing dma_stm32f10x.o(.rrx_text), (6 bytes).
    Removing dma_stm32f10x.o(i.DMA_ChannelInitialize), (256 bytes).
    Removing dma_stm32f10x.o(i.DMA_ChannelUninitialize), (188 bytes).
    Removing dma_stm32f10x.o(i.__NVIC_ClearPendingIRQ), (28 bytes).
    Removing dma_stm32f10x.o(i.__NVIC_DisableIRQ), (60 bytes).
    Removing dma_stm32f10x.o(i.__NVIC_EnableIRQ), (26 bytes).
    Removing dma_stm32f10x.o(.data), (1 bytes).
    Removing gpio_stm32f10x.o(.rev16_text), (4 bytes).
    Removing gpio_stm32f10x.o(.revsh_text), (4 bytes).
    Removing gpio_stm32f10x.o(.rrx_text), (6 bytes).
    Removing gpio_stm32f10x.o(i.GPIO_AFConfigure), (156 bytes).
    Removing gpio_stm32f10x.o(i.GPIO_GetPortClockState), (152 bytes).
    Removing gpio_stm32f10x.o(i.GPIO_PinConfigure), (120 bytes).
    Removing gpio_stm32f10x.o(i.GPIO_PortClock), (316 bytes).
    Removing system_stm32f10x.o(.rev16_text), (4 bytes).
    Removing system_stm32f10x.o(.revsh_text), (4 bytes).
    Removing system_stm32f10x.o(.rrx_text), (6 bytes).
    Removing system_stm32f10x.o(i.SystemCoreClockUpdate), (164 bytes).
    Removing system_stm32f10x.o(.data), (20 bytes).

279 unused section(s) (total 12567 bytes) removed from the image.

==============================================================================

Image Symbol Table

    Local Symbols

    Symbol Name                              Value     Ov Type        Size  Object(Section)

    ../clib/angel/boardlib.s                 0x00000000   Number         0  boardinit1.o ABSOLUTE
    ../clib/angel/boardlib.s                 0x00000000   Number         0  boardinit2.o ABSOLUTE
    ../clib/angel/boardlib.s                 0x00000000   Number         0  boardinit3.o ABSOLUTE
    ../clib/angel/boardlib.s                 0x00000000   Number         0  boardshut.o ABSOLUTE
    ../clib/angel/handlers.s                 0x00000000   Number         0  __scatter_zi.o ABSOLUTE
    ../clib/angel/kernel.s                   0x00000000   Number         0  rtexit2.o ABSOLUTE
    ../clib/angel/kernel.s                   0x00000000   Number         0  __rtentry2.o ABSOLUTE
    ../clib/angel/kernel.s                   0x00000000   Number         0  __rtentry.o ABSOLUTE
    ../clib/angel/kernel.s                   0x00000000   Number         0  __rtentry4.o ABSOLUTE
    ../clib/angel/kernel.s                   0x00000000   Number         0  rtexit.o ABSOLUTE
    ../clib/angel/rt.s                       0x00000000   Number         0  rt_raise.o ABSOLUTE
    ../clib/angel/scatter.s                  0x00000000   Number         0  __scatter.o ABSOLUTE
    ../clib/angel/startup.s                  0x00000000   Number         0  __main.o ABSOLUTE
    ../clib/angel/sys.s                      0x00000000   Number         0  sys_stackheap_outer.o ABSOLUTE
    ../clib/angel/sys.s                      0x00000000   Number         0  libspace.o ABSOLUTE
    ../clib/angel/sys.s                      0x00000000   Number         0  indicate_semi.o ABSOLUTE
    ../clib/angel/sys.s                      0x00000000   Number         0  use_no_semi.o ABSOLUTE
    ../clib/angel/sysapp.c                   0x00000000   Number         0  sys_wrch.o ABSOLUTE
    ../clib/angel/sysapp.c                   0x00000000   Number         0  sys_exit.o ABSOLUTE
    ../clib/angel/sysapp.c                   0x00000000   Number         0  sys_command.o ABSOLUTE
    ../clib/armsys.c                         0x00000000   Number         0  argv_veneer.o ABSOLUTE
    ../clib/armsys.c                         0x00000000   Number         0  no_argv.o ABSOLUTE
    ../clib/armsys.c                         0x00000000   Number         0  _get_argv_nomalloc.o ABSOLUTE
    ../clib/armsys.c                         0x00000000   Number         0  argv_veneer.o ABSOLUTE
    ../clib/heapalloc.c                      0x00000000   Number         0  hrguard.o ABSOLUTE
    ../clib/heapaux.c                        0x00000000   Number         0  heapauxi.o ABSOLUTE
    ../clib/libinit.s                        0x00000000   Number         0  libshutdown2.o ABSOLUTE
    ../clib/libinit.s                        0x00000000   Number         0  libshutdown.o ABSOLUTE
    ../clib/libinit.s                        0x00000000   Number         0  libinit2.o ABSOLUTE
    ../clib/libinit.s                        0x00000000   Number         0  libinit.o ABSOLUTE
    ../clib/signal.c                         0x00000000   Number         0  defsig_general.o ABSOLUTE
    ../clib/signal.c                         0x00000000   Number         0  defsig_rtmem_outer.o ABSOLUTE
    ../clib/signal.c                         0x00000000   Number         0  defsig_rtmem_formal.o ABSOLUTE
    ../clib/signal.c                         0x00000000   Number         0  defsig_exit.o ABSOLUTE
    ../clib/signal.c                         0x00000000   Number         0  __raise.o ABSOLUTE
    ../clib/signal.c                         0x00000000   Number         0  defsig_abrt_inner.o ABSOLUTE
    ../clib/signal.c                         0x00000000   Number         0  defsig_fpe_inner.o ABSOLUTE
    ../clib/signal.c                         0x00000000   Number         0  defsig_rtmem_inner.o ABSOLUTE
    ../clib/signal.c                         0x00000000   Number         0  defsig_stak_inner.o ABSOLUTE
    ../clib/signal.c                         0x00000000   Number         0  defsig_pvfn_inner.o ABSOLUTE
    ../clib/signal.c                         0x00000000   Number         0  defsig_cppl_inner.o ABSOLUTE
    ../clib/signal.c                         0x00000000   Number         0  defsig_segv_inner.o ABSOLUTE
    ../clib/signal.c                         0x00000000   Number         0  defsig_other.o ABSOLUTE
    ../clib/signal.c                         0x00000000   Number         0  defsig_rtred_inner.o ABSOLUTE
    ../clib/signal.s                         0x00000000   Number         0  defsig.o ABSOLUTE
    ../clib/stdlib.c                         0x00000000   Number         0  exit.o ABSOLUTE
    ../fplib/fpinit.s                        0x00000000   Number         0  fpinit.o ABSOLUTE
    ..\..\STM32Final2\ADC_config.c           0x00000000   Number         0  adc_config.o ABSOLUTE
    ..\..\STM32Final2\Peripherals\CAN\CAN.c  0x00000000   Number         0  can.o ABSOLUTE
    ..\..\STM32Final2\SPI_config.c           0x00000000   Number         0  spi_config.o ABSOLUTE
    ..\..\STM32Final2\main.c                 0x00000000   Number         0  main.o ABSOLUTE
    ..\..\STM32Final2\utils.c                0x00000000   Number         0  utils.o ABSOLUTE
    ..\\..\\STM32Final2\\ADC_config.c        0x00000000   Number         0  adc_config.o ABSOLUTE
    ..\\..\\STM32Final2\\Peripherals\\CAN\\CAN.c 0x00000000   Number         0  can.o ABSOLUTE
    ..\\..\\STM32Final2\\SPI_config.c        0x00000000   Number         0  spi_config.o ABSOLUTE
    ..\\..\\STM32Final2\\main.c              0x00000000   Number         0  main.o ABSOLUTE
    ..\\..\\STM32Final2\\utils.c             0x00000000   Number         0  utils.o ABSOLUTE
    C:\Keil_v5\ARM\PACK\Keil\STM32F1xx_DFP\2.3.0\Device\StdPeriph_Driver\src\misc.c 0x00000000   Number         0  misc.o ABSOLUTE
    C:\Keil_v5\ARM\PACK\Keil\STM32F1xx_DFP\2.3.0\Device\StdPeriph_Driver\src\stm32f10x_adc.c 0x00000000   Number         0  stm32f10x_adc.o ABSOLUTE
    C:\Keil_v5\ARM\PACK\Keil\STM32F1xx_DFP\2.3.0\Device\StdPeriph_Driver\src\stm32f10x_can.c 0x00000000   Number         0  stm32f10x_can.o ABSOLUTE
    C:\Keil_v5\ARM\PACK\Keil\STM32F1xx_DFP\2.3.0\Device\StdPeriph_Driver\src\stm32f10x_dma.c 0x00000000   Number         0  stm32f10x_dma.o ABSOLUTE
    C:\Keil_v5\ARM\PACK\Keil\STM32F1xx_DFP\2.3.0\Device\StdPeriph_Driver\src\stm32f10x_gpio.c 0x00000000   Number         0  stm32f10x_gpio.o ABSOLUTE
    C:\Keil_v5\ARM\PACK\Keil\STM32F1xx_DFP\2.3.0\Device\StdPeriph_Driver\src\stm32f10x_rcc.c 0x00000000   Number         0  stm32f10x_rcc.o ABSOLUTE
    C:\Keil_v5\ARM\PACK\Keil\STM32F1xx_DFP\2.3.0\Device\StdPeriph_Driver\src\stm32f10x_spi.c 0x00000000   Number         0  stm32f10x_spi.o ABSOLUTE
    C:\Keil_v5\ARM\PACK\Keil\STM32F1xx_DFP\2.3.0\Device\StdPeriph_Driver\src\stm32f10x_tim.c 0x00000000   Number         0  stm32f10x_tim.o ABSOLUTE
    C:\Keil_v5\ARM\PACK\Keil\STM32F1xx_DFP\2.3.0\RTE_Driver\DMA_STM32F10x.c 0x00000000   Number         0  dma_stm32f10x.o ABSOLUTE
    C:\Keil_v5\ARM\PACK\Keil\STM32F1xx_DFP\2.3.0\RTE_Driver\GPIO_STM32F10x.c 0x00000000   Number         0  gpio_stm32f10x.o ABSOLUTE
    C:\\Keil_v5\\ARM\\PACK\\Keil\\STM32F1xx_DFP\\2.3.0\\Device\\StdPeriph_Driver\\src\\misc.c 0x00000000   Number         0  misc.o ABSOLUTE
    C:\\Keil_v5\\ARM\\PACK\\Keil\\STM32F1xx_DFP\\2.3.0\\Device\\StdPeriph_Driver\\src\\stm32f10x_adc.c 0x00000000   Number         0  stm32f10x_adc.o ABSOLUTE
    C:\\Keil_v5\\ARM\\PACK\\Keil\\STM32F1xx_DFP\\2.3.0\\Device\\StdPeriph_Driver\\src\\stm32f10x_can.c 0x00000000   Number         0  stm32f10x_can.o ABSOLUTE
    C:\\Keil_v5\\ARM\\PACK\\Keil\\STM32F1xx_DFP\\2.3.0\\Device\\StdPeriph_Driver\\src\\stm32f10x_dma.c 0x00000000   Number         0  stm32f10x_dma.o ABSOLUTE
    C:\\Keil_v5\\ARM\\PACK\\Keil\\STM32F1xx_DFP\\2.3.0\\Device\\StdPeriph_Driver\\src\\stm32f10x_gpio.c 0x00000000   Number         0  stm32f10x_gpio.o ABSOLUTE
    C:\\Keil_v5\\ARM\\PACK\\Keil\\STM32F1xx_DFP\\2.3.0\\Device\\StdPeriph_Driver\\src\\stm32f10x_rcc.c 0x00000000   Number         0  stm32f10x_rcc.o ABSOLUTE
    C:\\Keil_v5\\ARM\\PACK\\Keil\\STM32F1xx_DFP\\2.3.0\\Device\\StdPeriph_Driver\\src\\stm32f10x_spi.c 0x00000000   Number         0  stm32f10x_spi.o ABSOLUTE
    C:\\Keil_v5\\ARM\\PACK\\Keil\\STM32F1xx_DFP\\2.3.0\\Device\\StdPeriph_Driver\\src\\stm32f10x_tim.c 0x00000000   Number         0  stm32f10x_tim.o ABSOLUTE
    C:\\Keil_v5\\ARM\\PACK\\Keil\\STM32F1xx_DFP\\2.3.0\\RTE_Driver\\DMA_STM32F10x.c 0x00000000   Number         0  dma_stm32f10x.o ABSOLUTE
    C:\\Keil_v5\\ARM\\PACK\\Keil\\STM32F1xx_DFP\\2.3.0\\RTE_Driver\\GPIO_STM32F10x.c 0x00000000   Number         0  gpio_stm32f10x.o ABSOLUTE
    RTE\Device\STM32F103RB\startup_stm32f10x_md.s 0x00000000   Number         0  startup_stm32f10x_md.o ABSOLUTE
    RTE\Device\STM32F103RB\system_stm32f10x.c 0x00000000   Number         0  system_stm32f10x.o ABSOLUTE
    RTE\\Device\\STM32F103RB\\system_stm32f10x.c 0x00000000   Number         0  system_stm32f10x.o ABSOLUTE
    dc.s                                     0x00000000   Number         0  dc.o ABSOLUTE
    RESET                                    0x08000000   Section      236  startup_stm32f10x_md.o(RESET)
    !!!main                                  0x080000ec   Section        8  __main.o(!!!main)
    !!!scatter                               0x080000f4   Section       52  __scatter.o(!!!scatter)
    !!handler_zi                             0x08000128   Section       28  __scatter_zi.o(!!handler_zi)
    .ARM.Collect$$libinit$$00000000          0x08000144   Section        2  libinit.o(.ARM.Collect$$libinit$$00000000)
    .ARM.Collect$$libinit$$00000002          0x08000146   Section        0  libinit2.o(.ARM.Collect$$libinit$$00000002)
    .ARM.Collect$$libinit$$00000004          0x08000146   Section        0  libinit2.o(.ARM.Collect$$libinit$$00000004)
    .ARM.Collect$$libinit$$0000000A          0x08000146   Section        0  libinit2.o(.ARM.Collect$$libinit$$0000000A)
    .ARM.Collect$$libinit$$0000000C          0x08000146   Section        0  libinit2.o(.ARM.Collect$$libinit$$0000000C)
    .ARM.Collect$$libinit$$0000000E          0x08000146   Section        0  libinit2.o(.ARM.Collect$$libinit$$0000000E)
    .ARM.Collect$$libinit$$00000011          0x08000146   Section        0  libinit2.o(.ARM.Collect$$libinit$$00000011)
    .ARM.Collect$$libinit$$00000013          0x08000146   Section        0  libinit2.o(.ARM.Collect$$libinit$$00000013)
    .ARM.Collect$$libinit$$00000015          0x08000146   Section        0  libinit2.o(.ARM.Collect$$libinit$$00000015)
    .ARM.Collect$$libinit$$00000017          0x08000146   Section        0  libinit2.o(.ARM.Collect$$libinit$$00000017)
    .ARM.Collect$$libinit$$00000019          0x08000146   Section        0  libinit2.o(.ARM.Collect$$libinit$$00000019)
    .ARM.Collect$$libinit$$0000001B          0x08000146   Section        0  libinit2.o(.ARM.Collect$$libinit$$0000001B)
    .ARM.Collect$$libinit$$0000001D          0x08000146   Section        0  libinit2.o(.ARM.Collect$$libinit$$0000001D)
    .ARM.Collect$$libinit$$0000001F          0x08000146   Section        0  libinit2.o(.ARM.Collect$$libinit$$0000001F)
    .ARM.Collect$$libinit$$00000021          0x08000146   Section        0  libinit2.o(.ARM.Collect$$libinit$$00000021)
    .ARM.Collect$$libinit$$00000023          0x08000146   Section        0  libinit2.o(.ARM.Collect$$libinit$$00000023)
    .ARM.Collect$$libinit$$00000025          0x08000146   Section        0  libinit2.o(.ARM.Collect$$libinit$$00000025)
    .ARM.Collect$$libinit$$0000002C          0x08000146   Section        0  libinit2.o(.ARM.Collect$$libinit$$0000002C)
    .ARM.Collect$$libinit$$0000002E          0x08000146   Section        0  libinit2.o(.ARM.Collect$$libinit$$0000002E)
    .ARM.Collect$$libinit$$00000030          0x08000146   Section        0  libinit2.o(.ARM.Collect$$libinit$$00000030)
    .ARM.Collect$$libinit$$00000032          0x08000146   Section        0  libinit2.o(.ARM.Collect$$libinit$$00000032)
    .ARM.Collect$$libinit$$00000033          0x08000146   Section        2  libinit2.o(.ARM.Collect$$libinit$$00000033)
    .ARM.Collect$$libshutdown$$00000000      0x08000148   Section        2  libshutdown.o(.ARM.Collect$$libshutdown$$00000000)
    .ARM.Collect$$libshutdown$$00000002      0x0800014a   Section        0  libshutdown2.o(.ARM.Collect$$libshutdown$$00000002)
    .ARM.Collect$$libshutdown$$00000004      0x0800014a   Section        0  libshutdown2.o(.ARM.Collect$$libshutdown$$00000004)
    .ARM.Collect$$libshutdown$$00000007      0x0800014a   Section        0  libshutdown2.o(.ARM.Collect$$libshutdown$$00000007)
    .ARM.Collect$$libshutdown$$0000000A      0x0800014a   Section        0  libshutdown2.o(.ARM.Collect$$libshutdown$$0000000A)
    .ARM.Collect$$libshutdown$$0000000C      0x0800014a   Section        0  libshutdown2.o(.ARM.Collect$$libshutdown$$0000000C)
    .ARM.Collect$$libshutdown$$0000000F      0x0800014a   Section        0  libshutdown2.o(.ARM.Collect$$libshutdown$$0000000F)
    .ARM.Collect$$libshutdown$$00000010      0x0800014a   Section        2  libshutdown2.o(.ARM.Collect$$libshutdown$$00000010)
    .ARM.Collect$$rtentry$$00000000          0x0800014c   Section        0  __rtentry.o(.ARM.Collect$$rtentry$$00000000)
    .ARM.Collect$$rtentry$$00000002          0x0800014c   Section        0  __rtentry2.o(.ARM.Collect$$rtentry$$00000002)
    .ARM.Collect$$rtentry$$00000004          0x0800014c   Section        6  __rtentry4.o(.ARM.Collect$$rtentry$$00000004)
    .ARM.Collect$$rtentry$$00000009          0x08000152   Section        0  __rtentry2.o(.ARM.Collect$$rtentry$$00000009)
    .ARM.Collect$$rtentry$$0000000A          0x08000152   Section        4  __rtentry2.o(.ARM.Collect$$rtentry$$0000000A)
    .ARM.Collect$$rtentry$$0000000C          0x08000156   Section        0  __rtentry2.o(.ARM.Collect$$rtentry$$0000000C)
    .ARM.Collect$$rtentry$$0000000D          0x08000156   Section        8  __rtentry2.o(.ARM.Collect$$rtentry$$0000000D)
    .ARM.Collect$$rtexit$$00000000           0x0800015e   Section        2  rtexit.o(.ARM.Collect$$rtexit$$00000000)
    .ARM.Collect$$rtexit$$00000002           0x08000160   Section        0  rtexit2.o(.ARM.Collect$$rtexit$$00000002)
    .ARM.Collect$$rtexit$$00000003           0x08000160   Section        4  rtexit2.o(.ARM.Collect$$rtexit$$00000003)
    .ARM.Collect$$rtexit$$00000004           0x08000164   Section        6  rtexit2.o(.ARM.Collect$$rtexit$$00000004)
    .text                                    0x0800016c   Section       64  startup_stm32f10x_md.o(.text)
    .text                                    0x080001ac   Section        0  heapauxi.o(.text)
    .text                                    0x080001b2   Section       74  sys_stackheap_outer.o(.text)
    .text                                    0x080001fc   Section        0  exit.o(.text)
    .text                                    0x08000210   Section        8  libspace.o(.text)
    .text                                    0x08000218   Section        0  sys_exit.o(.text)
    .text                                    0x08000224   Section        2  use_no_semi.o(.text)
    .text                                    0x08000226   Section        0  indicate_semi.o(.text)
    i.ADC_Cmd                                0x08000226   Section        0  stm32f10x_adc.o(i.ADC_Cmd)
    i.ADC_DeInit                             0x0800023c   Section        0  stm32f10x_adc.o(i.ADC_DeInit)
    i.ADC_GetCalibrationStatus               0x08000298   Section        0  stm32f10x_adc.o(i.ADC_GetCalibrationStatus)
    i.ADC_GetConversionValue                 0x080002ac   Section        0  stm32f10x_adc.o(i.ADC_GetConversionValue)
    i.ADC_GetFlagStatus                      0x080002b4   Section        0  stm32f10x_adc.o(i.ADC_GetFlagStatus)
    i.ADC_GetResetCalibrationStatus          0x080002c6   Section        0  stm32f10x_adc.o(i.ADC_GetResetCalibrationStatus)
    i.ADC_Init                               0x080002dc   Section        0  stm32f10x_adc.o(i.ADC_Init)
    i.ADC_RegularChannelConfig               0x0800032c   Section        0  stm32f10x_adc.o(i.ADC_RegularChannelConfig)
    i.ADC_ResetCalibration                   0x080003e4   Section        0  stm32f10x_adc.o(i.ADC_ResetCalibration)
    i.ADC_SoftwareStartConvCmd               0x080003ee   Section        0  stm32f10x_adc.o(i.ADC_SoftwareStartConvCmd)
    i.ADC_StartCalibration                   0x08000404   Section        0  stm32f10x_adc.o(i.ADC_StartCalibration)
    i.Check_OCD                              0x08000410   Section        0  utils.o(i.Check_OCD)
    i.Configure_ADC_Channels                 0x08000468   Section        0  adc_config.o(i.Configure_ADC_Channels)
    i.DMA1_Channel1_Event                    0x08000494   Section        0  dma_stm32f10x.o(i.DMA1_Channel1_Event)
    i.DMA1_Channel1_IRQHandler               0x08000498   Section        0  dma_stm32f10x.o(i.DMA1_Channel1_IRQHandler)
    i.DMA1_Channel2_Event                    0x080004b4   Section        0  dma_stm32f10x.o(i.DMA1_Channel2_Event)
    i.DMA1_Channel2_IRQHandler               0x080004b8   Section        0  dma_stm32f10x.o(i.DMA1_Channel2_IRQHandler)
    i.DMA1_Channel3_Event                    0x080004d4   Section        0  dma_stm32f10x.o(i.DMA1_Channel3_Event)
    i.DMA1_Channel3_IRQHandler               0x080004d8   Section        0  dma_stm32f10x.o(i.DMA1_Channel3_IRQHandler)
    i.DMA1_Channel4_Event                    0x080004f4   Section        0  dma_stm32f10x.o(i.DMA1_Channel4_Event)
    i.DMA1_Channel4_IRQHandler               0x080004f8   Section        0  dma_stm32f10x.o(i.DMA1_Channel4_IRQHandler)
    i.DMA1_Channel5_Event                    0x08000514   Section        0  dma_stm32f10x.o(i.DMA1_Channel5_Event)
    i.DMA1_Channel5_IRQHandler               0x08000518   Section        0  dma_stm32f10x.o(i.DMA1_Channel5_IRQHandler)
    i.DMA1_Channel6_Event                    0x08000534   Section        0  dma_stm32f10x.o(i.DMA1_Channel6_Event)
    i.DMA1_Channel6_IRQHandler               0x08000538   Section        0  dma_stm32f10x.o(i.DMA1_Channel6_IRQHandler)
    i.DMA1_Channel7_Event                    0x08000554   Section        0  dma_stm32f10x.o(i.DMA1_Channel7_Event)
    i.DMA1_Channel7_IRQHandler               0x08000558   Section        0  dma_stm32f10x.o(i.DMA1_Channel7_IRQHandler)
    i.Disconnect_Contactors                  0x08000574   Section        0  utils.o(i.Disconnect_Contactors)
    i.GPIO_Init                              0x08000598   Section        0  stm32f10x_gpio.o(i.GPIO_Init)
    i.GPIO_ReadInputDataBit                  0x080006ae   Section        0  stm32f10x_gpio.o(i.GPIO_ReadInputDataBit)
    i.GPIO_ResetBits                         0x080006c0   Section        0  stm32f10x_gpio.o(i.GPIO_ResetBits)
    i.GPIO_SetBits                           0x080006c4   Section        0  stm32f10x_gpio.o(i.GPIO_SetBits)
    i.GPIO_StructInit                        0x080006c8   Section        0  stm32f10x_gpio.o(i.GPIO_StructInit)
    i.Get_ADC_Converted_Value                0x080006d8   Section        0  adc_config.o(i.Get_ADC_Converted_Value)
    i.Get_Current_Voltage_Readings           0x0800070c   Section        0  adc_config.o(i.Get_Current_Voltage_Readings)
    i.Get_Temperature_Readings               0x0800076c   Section        0  spi_config.o(i.Get_Temperature_Readings)
    i.MicrosecondDelay                       0x080007bc   Section        0  spi_config.o(i.MicrosecondDelay)
    i.PeripheralInit_ADC1                    0x080007d4   Section        0  adc_config.o(i.PeripheralInit_ADC1)
    i.PeripheralInit_GPIO                    0x080008a4   Section        0  utils.o(i.PeripheralInit_GPIO)
    i.PeripheralInit_SPI1                    0x08000948   Section        0  spi_config.o(i.PeripheralInit_SPI1)
    i.PeripheralInit_TIM2                    0x08000a2c   Section        0  utils.o(i.PeripheralInit_TIM2)
    i.RCC_APB1PeriphClockCmd                 0x08000a74   Section        0  stm32f10x_rcc.o(i.RCC_APB1PeriphClockCmd)
    i.RCC_APB2PeriphClockCmd                 0x08000a94   Section        0  stm32f10x_rcc.o(i.RCC_APB2PeriphClockCmd)
    i.RCC_APB2PeriphResetCmd                 0x08000ab4   Section        0  stm32f10x_rcc.o(i.RCC_APB2PeriphResetCmd)
    i.SPI_Cmd                                0x08000ad4   Section        0  stm32f10x_spi.o(i.SPI_Cmd)
    i.SPI_I2S_GetFlagStatus                  0x08000aec   Section        0  stm32f10x_spi.o(i.SPI_I2S_GetFlagStatus)
    i.SPI_I2S_ReceiveData                    0x08000afe   Section        0  stm32f10x_spi.o(i.SPI_I2S_ReceiveData)
    i.SPI_I2S_SendData                       0x08000b04   Section        0  stm32f10x_spi.o(i.SPI_I2S_SendData)
    i.SPI_Init                               0x08000b08   Section        0  stm32f10x_spi.o(i.SPI_Init)
    i.SPI_StructInit                         0x08000b44   Section        0  stm32f10x_spi.o(i.SPI_StructInit)
    i.SetSysClock                            0x08000b5c   Section        0  system_stm32f10x.o(i.SetSysClock)
    SetSysClock                              0x08000b5d   Thumb Code     8  system_stm32f10x.o(i.SetSysClock)
    i.SetSysClockTo72                        0x08000b64   Section        0  system_stm32f10x.o(i.SetSysClockTo72)
    SetSysClockTo72                          0x08000b65   Thumb Code   214  system_stm32f10x.o(i.SetSysClockTo72)
    i.Set_LEDS                               0x08000c44   Section        0  utils.o(i.Set_LEDS)
    i.SystemInit                             0x08000c8c   Section        0  system_stm32f10x.o(i.SystemInit)
    i.TIM_ClearITPendingBit                  0x08000cec   Section        0  stm32f10x_tim.o(i.TIM_ClearITPendingBit)
    i.TIM_Cmd                                0x08000cf2   Section        0  stm32f10x_tim.o(i.TIM_Cmd)
    i.TIM_GetITStatus                        0x08000d0a   Section        0  stm32f10x_tim.o(i.TIM_GetITStatus)
    i.TIM_ITConfig                           0x08000d2c   Section        0  stm32f10x_tim.o(i.TIM_ITConfig)
    i.TIM_TimeBaseInit                       0x08000d40   Section        0  stm32f10x_tim.o(i.TIM_TimeBaseInit)
    i.Transfer_16b_SPI1_Master               0x08000de4   Section        0  spi_config.o(i.Transfer_16b_SPI1_Master)
    i.main                                   0x08000e28   Section        0  main.o(i.main)
    .constdata                               0x08000f80   Section       54  adc_config.o(.constdata)
    .constdata                               0x08000fb8   Section       36  main.o(.constdata)
    .constdata                               0x08000fdc   Section       22  spi_config.o(.constdata)
    .bss                                     0x20000000   Section       96  libspace.o(.bss)
    HEAP                                     0x20000060   Section      512  startup_stm32f10x_md.o(HEAP)
    Heap_Mem                                 0x20000060   Data         512  startup_stm32f10x_md.o(HEAP)
    STACK                                    0x20000260   Section     1024  startup_stm32f10x_md.o(STACK)
    Stack_Mem                                0x20000260   Data        1024  startup_stm32f10x_md.o(STACK)
    __initial_sp                             0x20000660   Data           0  startup_stm32f10x_md.o(STACK)

    Global Symbols

    Symbol Name                              Value     Ov Type        Size  Object(Section)

    BuildAttributes$$THM_ISAv4$P$D$K$B$S$PE$A:L22UL41UL21$X:L11$S22US41US21$IEEE1$IW$USESV6$~STKCKD$USESV7$~SHL$OSPACE$ROPI$EBA8$UX$STANDARDLIB$REQ8$PRES8$EABIv2 0x00000000   Number         0  anon$$obj.o ABSOLUTE
    __ARM_use_no_argv                        0x00000000   Number         0  main.o ABSOLUTE
    __ARM_exceptions_init                     - Undefined Weak Reference
    __alloca_initialize                       - Undefined Weak Reference
    __arm_preinit_                            - Undefined Weak Reference
    __cpp_initialize__aeabi_                  - Undefined Weak Reference
    __cxa_finalize                            - Undefined Weak Reference
    __rt_locale                               - Undefined Weak Reference
    __sigvec_lookup                           - Undefined Weak Reference
    _atexit_init                              - Undefined Weak Reference
    _call_atexit_fns                          - Undefined Weak Reference
    _clock_init                               - Undefined Weak Reference
    _fp_trap_init                             - Undefined Weak Reference
    _fp_trap_shutdown                         - Undefined Weak Reference
    _get_lc_collate                           - Undefined Weak Reference
    _get_lc_ctype                             - Undefined Weak Reference
    _get_lc_monetary                          - Undefined Weak Reference
    _get_lc_numeric                           - Undefined Weak Reference
    _get_lc_time                              - Undefined Weak Reference
    _getenv_init                              - Undefined Weak Reference
    _handle_redirection                       - Undefined Weak Reference
    _init_alloc                               - Undefined Weak Reference
    _init_user_alloc                          - Undefined Weak Reference
    _initio                                   - Undefined Weak Reference
    _rand_init                                - Undefined Weak Reference
    _signal_finish                            - Undefined Weak Reference
    _signal_init                              - Undefined Weak Reference
    _terminate_alloc                          - Undefined Weak Reference
    _terminate_user_alloc                     - Undefined Weak Reference
    _terminateio                              - Undefined Weak Reference
    __Vectors_Size                           0x000000ec   Number         0  startup_stm32f10x_md.o ABSOLUTE
    __Vectors                                0x08000000   Data           4  startup_stm32f10x_md.o(RESET)
    __Vectors_End                            0x080000ec   Data           0  startup_stm32f10x_md.o(RESET)
    __main                                   0x080000ed   Thumb Code     8  __main.o(!!!main)
    __scatterload                            0x080000f5   Thumb Code     0  __scatter.o(!!!scatter)
    __scatterload_rt2                        0x080000f5   Thumb Code    44  __scatter.o(!!!scatter)
    __scatterload_rt2_thumb_only             0x080000f5   Thumb Code     0  __scatter.o(!!!scatter)
    __scatterload_null                       0x08000103   Thumb Code     0  __scatter.o(!!!scatter)
    __scatterload_zeroinit                   0x08000129   Thumb Code    28  __scatter_zi.o(!!handler_zi)
    __rt_lib_init                            0x08000145   Thumb Code     0  libinit.o(.ARM.Collect$$libinit$$00000000)
    __rt_lib_init_alloca_1                   0x08000147   Thumb Code     0  libinit2.o(.ARM.Collect$$libinit$$0000002E)
    __rt_lib_init_argv_1                     0x08000147   Thumb Code     0  libinit2.o(.ARM.Collect$$libinit$$0000002C)
    __rt_lib_init_atexit_1                   0x08000147   Thumb Code     0  libinit2.o(.ARM.Collect$$libinit$$0000001B)
    __rt_lib_init_clock_1                    0x08000147   Thumb Code     0  libinit2.o(.ARM.Collect$$libinit$$00000021)
    __rt_lib_init_cpp_1                      0x08000147   Thumb Code     0  libinit2.o(.ARM.Collect$$libinit$$00000032)
    __rt_lib_init_exceptions_1               0x08000147   Thumb Code     0  libinit2.o(.ARM.Collect$$libinit$$00000030)
    __rt_lib_init_fp_1                       0x08000147   Thumb Code     0  libinit2.o(.ARM.Collect$$libinit$$00000002)
    __rt_lib_init_fp_trap_1                  0x08000147   Thumb Code     0  libinit2.o(.ARM.Collect$$libinit$$0000001F)
    __rt_lib_init_getenv_1                   0x08000147   Thumb Code     0  libinit2.o(.ARM.Collect$$libinit$$00000023)
    __rt_lib_init_heap_1                     0x08000147   Thumb Code     0  libinit2.o(.ARM.Collect$$libinit$$0000000A)
    __rt_lib_init_lc_collate_1               0x08000147   Thumb Code     0  libinit2.o(.ARM.Collect$$libinit$$00000011)
    __rt_lib_init_lc_ctype_1                 0x08000147   Thumb Code     0  libinit2.o(.ARM.Collect$$libinit$$00000013)
    __rt_lib_init_lc_monetary_1              0x08000147   Thumb Code     0  libinit2.o(.ARM.Collect$$libinit$$00000015)
    __rt_lib_init_lc_numeric_1               0x08000147   Thumb Code     0  libinit2.o(.ARM.Collect$$libinit$$00000017)
    __rt_lib_init_lc_time_1                  0x08000147   Thumb Code     0  libinit2.o(.ARM.Collect$$libinit$$00000019)
    __rt_lib_init_preinit_1                  0x08000147   Thumb Code     0  libinit2.o(.ARM.Collect$$libinit$$00000004)
    __rt_lib_init_rand_1                     0x08000147   Thumb Code     0  libinit2.o(.ARM.Collect$$libinit$$0000000E)
    __rt_lib_init_return                     0x08000147   Thumb Code     0  libinit2.o(.ARM.Collect$$libinit$$00000033)
    __rt_lib_init_signal_1                   0x08000147   Thumb Code     0  libinit2.o(.ARM.Collect$$libinit$$0000001D)
    __rt_lib_init_stdio_1                    0x08000147   Thumb Code     0  libinit2.o(.ARM.Collect$$libinit$$00000025)
    __rt_lib_init_user_alloc_1               0x08000147   Thumb Code     0  libinit2.o(.ARM.Collect$$libinit$$0000000C)
    __rt_lib_shutdown                        0x08000149   Thumb Code     0  libshutdown.o(.ARM.Collect$$libshutdown$$00000000)
    __rt_lib_shutdown_cpp_1                  0x0800014b   Thumb Code     0  libshutdown2.o(.ARM.Collect$$libshutdown$$00000002)
    __rt_lib_shutdown_fp_trap_1              0x0800014b   Thumb Code     0  libshutdown2.o(.ARM.Collect$$libshutdown$$00000007)
    __rt_lib_shutdown_heap_1                 0x0800014b   Thumb Code     0  libshutdown2.o(.ARM.Collect$$libshutdown$$0000000F)
    __rt_lib_shutdown_return                 0x0800014b   Thumb Code     0  libshutdown2.o(.ARM.Collect$$libshutdown$$00000010)
    __rt_lib_shutdown_signal_1               0x0800014b   Thumb Code     0  libshutdown2.o(.ARM.Collect$$libshutdown$$0000000A)
    __rt_lib_shutdown_stdio_1                0x0800014b   Thumb Code     0  libshutdown2.o(.ARM.Collect$$libshutdown$$00000004)
    __rt_lib_shutdown_user_alloc_1           0x0800014b   Thumb Code     0  libshutdown2.o(.ARM.Collect$$libshutdown$$0000000C)
    __rt_entry                               0x0800014d   Thumb Code     0  __rtentry.o(.ARM.Collect$$rtentry$$00000000)
    __rt_entry_presh_1                       0x0800014d   Thumb Code     0  __rtentry2.o(.ARM.Collect$$rtentry$$00000002)
    __rt_entry_sh                            0x0800014d   Thumb Code     0  __rtentry4.o(.ARM.Collect$$rtentry$$00000004)
    __rt_entry_li                            0x08000153   Thumb Code     0  __rtentry2.o(.ARM.Collect$$rtentry$$0000000A)
    __rt_entry_postsh_1                      0x08000153   Thumb Code     0  __rtentry2.o(.ARM.Collect$$rtentry$$00000009)
    __rt_entry_main                          0x08000157   Thumb Code     0  __rtentry2.o(.ARM.Collect$$rtentry$$0000000D)
    __rt_entry_postli_1                      0x08000157   Thumb Code     0  __rtentry2.o(.ARM.Collect$$rtentry$$0000000C)
    __rt_exit                                0x0800015f   Thumb Code     0  rtexit.o(.ARM.Collect$$rtexit$$00000000)
    __rt_exit_ls                             0x08000161   Thumb Code     0  rtexit2.o(.ARM.Collect$$rtexit$$00000003)
    __rt_exit_prels_1                        0x08000161   Thumb Code     0  rtexit2.o(.ARM.Collect$$rtexit$$00000002)
    __rt_exit_exit                           0x08000165   Thumb Code     0  rtexit2.o(.ARM.Collect$$rtexit$$00000004)
    Reset_Handler                            0x0800016d   Thumb Code     8  startup_stm32f10x_md.o(.text)
    NMI_Handler                              0x08000175   Thumb Code     2  startup_stm32f10x_md.o(.text)
    HardFault_Handler                        0x08000177   Thumb Code     2  startup_stm32f10x_md.o(.text)
    MemManage_Handler                        0x08000179   Thumb Code     2  startup_stm32f10x_md.o(.text)
    BusFault_Handler                         0x0800017b   Thumb Code     2  startup_stm32f10x_md.o(.text)
    UsageFault_Handler                       0x0800017d   Thumb Code     2  startup_stm32f10x_md.o(.text)
    SVC_Handler                              0x0800017f   Thumb Code     2  startup_stm32f10x_md.o(.text)
    DebugMon_Handler                         0x08000181   Thumb Code     2  startup_stm32f10x_md.o(.text)
    PendSV_Handler                           0x08000183   Thumb Code     2  startup_stm32f10x_md.o(.text)
    SysTick_Handler                          0x08000185   Thumb Code     2  startup_stm32f10x_md.o(.text)
    ADC1_2_IRQHandler                        0x08000187   Thumb Code     0  startup_stm32f10x_md.o(.text)
    CAN1_RX1_IRQHandler                      0x08000187   Thumb Code     0  startup_stm32f10x_md.o(.text)
    CAN1_SCE_IRQHandler                      0x08000187   Thumb Code     0  startup_stm32f10x_md.o(.text)
    EXTI0_IRQHandler                         0x08000187   Thumb Code     0  startup_stm32f10x_md.o(.text)
    EXTI15_10_IRQHandler                     0x08000187   Thumb Code     0  startup_stm32f10x_md.o(.text)
    EXTI1_IRQHandler                         0x08000187   Thumb Code     0  startup_stm32f10x_md.o(.text)
    EXTI2_IRQHandler                         0x08000187   Thumb Code     0  startup_stm32f10x_md.o(.text)
    EXTI3_IRQHandler                         0x08000187   Thumb Code     0  startup_stm32f10x_md.o(.text)
    EXTI4_IRQHandler                         0x08000187   Thumb Code     0  startup_stm32f10x_md.o(.text)
    EXTI9_5_IRQHandler                       0x08000187   Thumb Code     0  startup_stm32f10x_md.o(.text)
    FLASH_IRQHandler                         0x08000187   Thumb Code     0  startup_stm32f10x_md.o(.text)
    I2C1_ER_IRQHandler                       0x08000187   Thumb Code     0  startup_stm32f10x_md.o(.text)
    I2C1_EV_IRQHandler                       0x08000187   Thumb Code     0  startup_stm32f10x_md.o(.text)
    I2C2_ER_IRQHandler                       0x08000187   Thumb Code     0  startup_stm32f10x_md.o(.text)
    I2C2_EV_IRQHandler                       0x08000187   Thumb Code     0  startup_stm32f10x_md.o(.text)
    PVD_IRQHandler                           0x08000187   Thumb Code     0  startup_stm32f10x_md.o(.text)
    RCC_IRQHandler                           0x08000187   Thumb Code     0  startup_stm32f10x_md.o(.text)
    RTCAlarm_IRQHandler                      0x08000187   Thumb Code     0  startup_stm32f10x_md.o(.text)
    RTC_IRQHandler                           0x08000187   Thumb Code     0  startup_stm32f10x_md.o(.text)
    SPI1_IRQHandler                          0x08000187   Thumb Code     0  startup_stm32f10x_md.o(.text)
    SPI2_IRQHandler                          0x08000187   Thumb Code     0  startup_stm32f10x_md.o(.text)
    TAMPER_IRQHandler                        0x08000187   Thumb Code     0  startup_stm32f10x_md.o(.text)
    TIM1_BRK_IRQHandler                      0x08000187   Thumb Code     0  startup_stm32f10x_md.o(.text)
    TIM1_CC_IRQHandler                       0x08000187   Thumb Code     0  startup_stm32f10x_md.o(.text)
    TIM1_TRG_COM_IRQHandler                  0x08000187   Thumb Code     0  startup_stm32f10x_md.o(.text)
    TIM1_UP_IRQHandler                       0x08000187   Thumb Code     0  startup_stm32f10x_md.o(.text)
    TIM2_IRQHandler                          0x08000187   Thumb Code     0  startup_stm32f10x_md.o(.text)
    TIM3_IRQHandler                          0x08000187   Thumb Code     0  startup_stm32f10x_md.o(.text)
    TIM4_IRQHandler                          0x08000187   Thumb Code     0  startup_stm32f10x_md.o(.text)
    USART1_IRQHandler                        0x08000187   Thumb Code     0  startup_stm32f10x_md.o(.text)
    USART2_IRQHandler                        0x08000187   Thumb Code     0  startup_stm32f10x_md.o(.text)
    USART3_IRQHandler                        0x08000187   Thumb Code     0  startup_stm32f10x_md.o(.text)
    USBWakeUp_IRQHandler                     0x08000187   Thumb Code     0  startup_stm32f10x_md.o(.text)
    USB_HP_CAN1_TX_IRQHandler                0x08000187   Thumb Code     0  startup_stm32f10x_md.o(.text)
    USB_LP_CAN1_RX0_IRQHandler               0x08000187   Thumb Code     0  startup_stm32f10x_md.o(.text)
    WWDG_IRQHandler                          0x08000187   Thumb Code     0  startup_stm32f10x_md.o(.text)
    __user_initial_stackheap                 0x08000189   Thumb Code     0  startup_stm32f10x_md.o(.text)
    __use_two_region_memory                  0x080001ad   Thumb Code     2  heapauxi.o(.text)
    __rt_heap_escrow$2region                 0x080001af   Thumb Code     2  heapauxi.o(.text)
    __rt_heap_expand$2region                 0x080001b1   Thumb Code     2  heapauxi.o(.text)
    __user_setup_stackheap                   0x080001b3   Thumb Code    74  sys_stackheap_outer.o(.text)
    exit                                     0x080001fd   Thumb Code    18  exit.o(.text)
    __user_libspace                          0x08000211   Thumb Code     8  libspace.o(.text)
    __user_perproc_libspace                  0x08000211   Thumb Code     0  libspace.o(.text)
    __user_perthread_libspace                0x08000211   Thumb Code     0  libspace.o(.text)
    _sys_exit                                0x08000219   Thumb Code     8  sys_exit.o(.text)
    __I$use$semihosting                      0x08000225   Thumb Code     0  use_no_semi.o(.text)
    __use_no_semihosting_swi                 0x08000225   Thumb Code     2  use_no_semi.o(.text)
    ADC_Cmd                                  0x08000227   Thumb Code    22  stm32f10x_adc.o(i.ADC_Cmd)
    __semihosting_library_function           0x08000227   Thumb Code     0  indicate_semi.o(.text)
    ADC_DeInit                               0x0800023d   Thumb Code    78  stm32f10x_adc.o(i.ADC_DeInit)
    ADC_GetCalibrationStatus                 0x08000299   Thumb Code    20  stm32f10x_adc.o(i.ADC_GetCalibrationStatus)
    ADC_GetConversionValue                   0x080002ad   Thumb Code     8  stm32f10x_adc.o(i.ADC_GetConversionValue)
    ADC_GetFlagStatus                        0x080002b5   Thumb Code    18  stm32f10x_adc.o(i.ADC_GetFlagStatus)
    ADC_GetResetCalibrationStatus            0x080002c7   Thumb Code    20  stm32f10x_adc.o(i.ADC_GetResetCalibrationStatus)
    ADC_Init                                 0x080002dd   Thumb Code    70  stm32f10x_adc.o(i.ADC_Init)
    ADC_RegularChannelConfig                 0x0800032d   Thumb Code   184  stm32f10x_adc.o(i.ADC_RegularChannelConfig)
    ADC_ResetCalibration                     0x080003e5   Thumb Code    10  stm32f10x_adc.o(i.ADC_ResetCalibration)
    ADC_SoftwareStartConvCmd                 0x080003ef   Thumb Code    22  stm32f10x_adc.o(i.ADC_SoftwareStartConvCmd)
    ADC_StartCalibration                     0x08000405   Thumb Code    10  stm32f10x_adc.o(i.ADC_StartCalibration)
    Check_OCD                                0x08000411   Thumb Code    74  utils.o(i.Check_OCD)
    Configure_ADC_Channels                   0x08000469   Thumb Code    34  adc_config.o(i.Configure_ADC_Channels)
    DMA1_Channel1_Event                      0x08000495   Thumb Code     2  dma_stm32f10x.o(i.DMA1_Channel1_Event)
    DMA1_Channel1_IRQHandler                 0x08000499   Thumb Code    22  dma_stm32f10x.o(i.DMA1_Channel1_IRQHandler)
    DMA1_Channel2_Event                      0x080004b5   Thumb Code     2  dma_stm32f10x.o(i.DMA1_Channel2_Event)
    DMA1_Channel2_IRQHandler                 0x080004b9   Thumb Code    24  dma_stm32f10x.o(i.DMA1_Channel2_IRQHandler)
    DMA1_Channel3_Event                      0x080004d5   Thumb Code     2  dma_stm32f10x.o(i.DMA1_Channel3_Event)
    DMA1_Channel3_IRQHandler                 0x080004d9   Thumb Code    24  dma_stm32f10x.o(i.DMA1_Channel3_IRQHandler)
    DMA1_Channel4_Event                      0x080004f5   Thumb Code     2  dma_stm32f10x.o(i.DMA1_Channel4_Event)
    DMA1_Channel4_IRQHandler                 0x080004f9   Thumb Code    24  dma_stm32f10x.o(i.DMA1_Channel4_IRQHandler)
    DMA1_Channel5_Event                      0x08000515   Thumb Code     2  dma_stm32f10x.o(i.DMA1_Channel5_Event)
    DMA1_Channel5_IRQHandler                 0x08000519   Thumb Code    24  dma_stm32f10x.o(i.DMA1_Channel5_IRQHandler)
    DMA1_Channel6_Event                      0x08000535   Thumb Code     2  dma_stm32f10x.o(i.DMA1_Channel6_Event)
    DMA1_Channel6_IRQHandler                 0x08000539   Thumb Code    24  dma_stm32f10x.o(i.DMA1_Channel6_IRQHandler)
    DMA1_Channel7_Event                      0x08000555   Thumb Code     2  dma_stm32f10x.o(i.DMA1_Channel7_Event)
    DMA1_Channel7_IRQHandler                 0x08000559   Thumb Code    24  dma_stm32f10x.o(i.DMA1_Channel7_IRQHandler)
    Disconnect_Contactors                    0x08000575   Thumb Code    32  utils.o(i.Disconnect_Contactors)
    GPIO_Init                                0x08000599   Thumb Code   278  stm32f10x_gpio.o(i.GPIO_Init)
    GPIO_ReadInputDataBit                    0x080006af   Thumb Code    18  stm32f10x_gpio.o(i.GPIO_ReadInputDataBit)
    GPIO_ResetBits                           0x080006c1   Thumb Code     4  stm32f10x_gpio.o(i.GPIO_ResetBits)
    GPIO_SetBits                             0x080006c5   Thumb Code     4  stm32f10x_gpio.o(i.GPIO_SetBits)
    GPIO_StructInit                          0x080006c9   Thumb Code    16  stm32f10x_gpio.o(i.GPIO_StructInit)
    Get_ADC_Converted_Value                  0x080006d9   Thumb Code    46  adc_config.o(i.Get_ADC_Converted_Value)
    Get_Current_Voltage_Readings             0x0800070d   Thumb Code    88  adc_config.o(i.Get_Current_Voltage_Readings)
    Get_Temperature_Readings                 0x0800076d   Thumb Code    74  spi_config.o(i.Get_Temperature_Readings)
    MicrosecondDelay                         0x080007bd   Thumb Code    24  spi_config.o(i.MicrosecondDelay)
    PeripheralInit_ADC1                      0x080007d5   Thumb Code   192  adc_config.o(i.PeripheralInit_ADC1)
    PeripheralInit_GPIO                      0x080008a5   Thumb Code   152  utils.o(i.PeripheralInit_GPIO)
    PeripheralInit_SPI1                      0x08000949   Thumb Code   218  spi_config.o(i.PeripheralInit_SPI1)
    PeripheralInit_TIM2                      0x08000a2d   Thumb Code    72  utils.o(i.PeripheralInit_TIM2)
    RCC_APB1PeriphClockCmd                   0x08000a75   Thumb Code    26  stm32f10x_rcc.o(i.RCC_APB1PeriphClockCmd)
    RCC_APB2PeriphClockCmd                   0x08000a95   Thumb Code    26  stm32f10x_rcc.o(i.RCC_APB2PeriphClockCmd)
    RCC_APB2PeriphResetCmd                   0x08000ab5   Thumb Code    26  stm32f10x_rcc.o(i.RCC_APB2PeriphResetCmd)
    SPI_Cmd                                  0x08000ad5   Thumb Code    24  stm32f10x_spi.o(i.SPI_Cmd)
    SPI_I2S_GetFlagStatus                    0x08000aed   Thumb Code    18  stm32f10x_spi.o(i.SPI_I2S_GetFlagStatus)
    SPI_I2S_ReceiveData                      0x08000aff   Thumb Code     6  stm32f10x_spi.o(i.SPI_I2S_ReceiveData)
    SPI_I2S_SendData                         0x08000b05   Thumb Code     4  stm32f10x_spi.o(i.SPI_I2S_SendData)
    SPI_Init                                 0x08000b09   Thumb Code    60  stm32f10x_spi.o(i.SPI_Init)
    SPI_StructInit                           0x08000b45   Thumb Code    24  stm32f10x_spi.o(i.SPI_StructInit)
    Set_LEDS                                 0x08000c45   Thumb Code    68  utils.o(i.Set_LEDS)
    SystemInit                               0x08000c8d   Thumb Code    78  system_stm32f10x.o(i.SystemInit)
    TIM_ClearITPendingBit                    0x08000ced   Thumb Code     6  stm32f10x_tim.o(i.TIM_ClearITPendingBit)
    TIM_Cmd                                  0x08000cf3   Thumb Code    24  stm32f10x_tim.o(i.TIM_Cmd)
    TIM_GetITStatus                          0x08000d0b   Thumb Code    34  stm32f10x_tim.o(i.TIM_GetITStatus)
    TIM_ITConfig                             0x08000d2d   Thumb Code    18  stm32f10x_tim.o(i.TIM_ITConfig)
    TIM_TimeBaseInit                         0x08000d41   Thumb Code   122  stm32f10x_tim.o(i.TIM_TimeBaseInit)
    Transfer_16b_SPI1_Master                 0x08000de5   Thumb Code    60  spi_config.o(i.Transfer_16b_SPI1_Master)
    main                                     0x08000e29   Thumb Code   338  main.o(i.main)
    ADC_Channels                             0x08000f80   Data          18  adc_config.o(.constdata)
    ADC_Mapping                              0x08000f92   Data          18  adc_config.o(.constdata)
    Voltage_Channels                         0x08000fa4   Data           6  adc_config.o(.constdata)
    Current_Channels                         0x08000faa   Data          12  adc_config.o(.constdata)
    SPI_ADC_CHANNELS                         0x08000fdc   Data          22  spi_config.o(.constdata)
    Region$$Table$$Base                      0x08000ff4   Number         0  anon$$obj.o(Region$$Table)
    Region$$Table$$Limit                     0x08001004   Number         0  anon$$obj.o(Region$$Table)
    __libspace_start                         0x20000000   Data          96  libspace.o(.bss)
    __temporary_stack_top$libspace           0x20000060   Data           0  libspace.o(.bss)



==============================================================================

Memory Map of the image

  Image Entry point : 0x0800016d

  Load Region LR_1 (Base: 0x08000000, Size: 0x00001004, Max: 0xffffffff, ABSOLUTE)

    Execution Region ER_RO (Exec base: 0x08000000, Load base: 0x08000000, Size: 0x00001004, Max: 0xffffffff, ABSOLUTE)

    Exec Addr    Load Addr    Size         Type   Attr      Idx    E Section Name        Object

    0x08000000   0x08000000   0x000000ec   Data   RO         2073    RESET               startup_stm32f10x_md.o
    0x080000ec   0x080000ec   0x00000008   Code   RO         2128  * !!!main             c_w.l(__main.o)
    0x080000f4   0x080000f4   0x00000034   Code   RO         2285    !!!scatter          c_w.l(__scatter.o)
    0x08000128   0x08000128   0x0000001c   Code   RO         2287    !!handler_zi        c_w.l(__scatter_zi.o)
    0x08000144   0x08000144   0x00000002   Code   RO         2155    .ARM.Collect$$libinit$$00000000  c_w.l(libinit.o)
    0x08000146   0x08000146   0x00000000   Code   RO         2162    .ARM.Collect$$libinit$$00000002  c_w.l(libinit2.o)
    0x08000146   0x08000146   0x00000000   Code   RO         2164    .ARM.Collect$$libinit$$00000004  c_w.l(libinit2.o)
    0x08000146   0x08000146   0x00000000   Code   RO         2167    .ARM.Collect$$libinit$$0000000A  c_w.l(libinit2.o)
    0x08000146   0x08000146   0x00000000   Code   RO         2169    .ARM.Collect$$libinit$$0000000C  c_w.l(libinit2.o)
    0x08000146   0x08000146   0x00000000   Code   RO         2171    .ARM.Collect$$libinit$$0000000E  c_w.l(libinit2.o)
    0x08000146   0x08000146   0x00000000   Code   RO         2174    .ARM.Collect$$libinit$$00000011  c_w.l(libinit2.o)
    0x08000146   0x08000146   0x00000000   Code   RO         2176    .ARM.Collect$$libinit$$00000013  c_w.l(libinit2.o)
    0x08000146   0x08000146   0x00000000   Code   RO         2178    .ARM.Collect$$libinit$$00000015  c_w.l(libinit2.o)
    0x08000146   0x08000146   0x00000000   Code   RO         2180    .ARM.Collect$$libinit$$00000017  c_w.l(libinit2.o)
    0x08000146   0x08000146   0x00000000   Code   RO         2182    .ARM.Collect$$libinit$$00000019  c_w.l(libinit2.o)
    0x08000146   0x08000146   0x00000000   Code   RO         2184    .ARM.Collect$$libinit$$0000001B  c_w.l(libinit2.o)
    0x08000146   0x08000146   0x00000000   Code   RO         2186    .ARM.Collect$$libinit$$0000001D  c_w.l(libinit2.o)
    0x08000146   0x08000146   0x00000000   Code   RO         2188    .ARM.Collect$$libinit$$0000001F  c_w.l(libinit2.o)
    0x08000146   0x08000146   0x00000000   Code   RO         2190    .ARM.Collect$$libinit$$00000021  c_w.l(libinit2.o)
    0x08000146   0x08000146   0x00000000   Code   RO         2192    .ARM.Collect$$libinit$$00000023  c_w.l(libinit2.o)
    0x08000146   0x08000146   0x00000000   Code   RO         2194    .ARM.Collect$$libinit$$00000025  c_w.l(libinit2.o)
    0x08000146   0x08000146   0x00000000   Code   RO         2198    .ARM.Collect$$libinit$$0000002C  c_w.l(libinit2.o)
    0x08000146   0x08000146   0x00000000   Code   RO         2200    .ARM.Collect$$libinit$$0000002E  c_w.l(libinit2.o)
    0x08000146   0x08000146   0x00000000   Code   RO         2202    .ARM.Collect$$libinit$$00000030  c_w.l(libinit2.o)
    0x08000146   0x08000146   0x00000000   Code   RO         2204    .ARM.Collect$$libinit$$00000032  c_w.l(libinit2.o)
    0x08000146   0x08000146   0x00000002   Code   RO         2205    .ARM.Collect$$libinit$$00000033  c_w.l(libinit2.o)
    0x08000148   0x08000148   0x00000002   Code   RO         2225    .ARM.Collect$$libshutdown$$00000000  c_w.l(libshutdown.o)
    0x0800014a   0x0800014a   0x00000000   Code   RO         2238    .ARM.Collect$$libshutdown$$00000002  c_w.l(libshutdown2.o)
    0x0800014a   0x0800014a   0x00000000   Code   RO         2240    .ARM.Collect$$libshutdown$$00000004  c_w.l(libshutdown2.o)
    0x0800014a   0x0800014a   0x00000000   Code   RO         2243    .ARM.Collect$$libshutdown$$00000007  c_w.l(libshutdown2.o)
    0x0800014a   0x0800014a   0x00000000   Code   RO         2246    .ARM.Collect$$libshutdown$$0000000A  c_w.l(libshutdown2.o)
    0x0800014a   0x0800014a   0x00000000   Code   RO         2248    .ARM.Collect$$libshutdown$$0000000C  c_w.l(libshutdown2.o)
    0x0800014a   0x0800014a   0x00000000   Code   RO         2251    .ARM.Collect$$libshutdown$$0000000F  c_w.l(libshutdown2.o)
    0x0800014a   0x0800014a   0x00000002   Code   RO         2252    .ARM.Collect$$libshutdown$$00000010  c_w.l(libshutdown2.o)
    0x0800014c   0x0800014c   0x00000000   Code   RO         2130    .ARM.Collect$$rtentry$$00000000  c_w.l(__rtentry.o)
    0x0800014c   0x0800014c   0x00000000   Code   RO         2132    .ARM.Collect$$rtentry$$00000002  c_w.l(__rtentry2.o)
    0x0800014c   0x0800014c   0x00000006   Code   RO         2144    .ARM.Collect$$rtentry$$00000004  c_w.l(__rtentry4.o)
    0x08000152   0x08000152   0x00000000   Code   RO         2134    .ARM.Collect$$rtentry$$00000009  c_w.l(__rtentry2.o)
    0x08000152   0x08000152   0x00000004   Code   RO         2135    .ARM.Collect$$rtentry$$0000000A  c_w.l(__rtentry2.o)
    0x08000156   0x08000156   0x00000000   Code   RO         2137    .ARM.Collect$$rtentry$$0000000C  c_w.l(__rtentry2.o)
    0x08000156   0x08000156   0x00000008   Code   RO         2138    .ARM.Collect$$rtentry$$0000000D  c_w.l(__rtentry2.o)
    0x0800015e   0x0800015e   0x00000002   Code   RO         2159    .ARM.Collect$$rtexit$$00000000  c_w.l(rtexit.o)
    0x08000160   0x08000160   0x00000000   Code   RO         2207    .ARM.Collect$$rtexit$$00000002  c_w.l(rtexit2.o)
    0x08000160   0x08000160   0x00000004   Code   RO         2208    .ARM.Collect$$rtexit$$00000003  c_w.l(rtexit2.o)
    0x08000164   0x08000164   0x00000006   Code   RO         2209    .ARM.Collect$$rtexit$$00000004  c_w.l(rtexit2.o)
    0x0800016a   0x0800016a   0x00000002   PAD
    0x0800016c   0x0800016c   0x00000040   Code   RO         2074  * .text               startup_stm32f10x_md.o
    0x080001ac   0x080001ac   0x00000006   Code   RO         2126    .text               c_w.l(heapauxi.o)
    0x080001b2   0x080001b2   0x0000004a   Code   RO         2146    .text               c_w.l(sys_stackheap_outer.o)
    0x080001fc   0x080001fc   0x00000012   Code   RO         2148    .text               c_w.l(exit.o)
    0x0800020e   0x0800020e   0x00000002   PAD
    0x08000210   0x08000210   0x00000008   Code   RO         2156    .text               c_w.l(libspace.o)
    0x08000218   0x08000218   0x0000000c   Code   RO         2217    .text               c_w.l(sys_exit.o)
    0x08000224   0x08000224   0x00000002   Code   RO         2228    .text               c_w.l(use_no_semi.o)
    0x08000226   0x08000226   0x00000000   Code   RO         2230    .text               c_w.l(indicate_semi.o)
    0x08000226   0x08000226   0x00000016   Code   RO          355    i.ADC_Cmd           stm32f10x_adc.o
    0x0800023c   0x0800023c   0x0000005c   Code   RO          357    i.ADC_DeInit        stm32f10x_adc.o
    0x08000298   0x08000298   0x00000014   Code   RO          363    i.ADC_GetCalibrationStatus  stm32f10x_adc.o
    0x080002ac   0x080002ac   0x00000008   Code   RO          364    i.ADC_GetConversionValue  stm32f10x_adc.o
    0x080002b4   0x080002b4   0x00000012   Code   RO          366    i.ADC_GetFlagStatus  stm32f10x_adc.o
    0x080002c6   0x080002c6   0x00000014   Code   RO          369    i.ADC_GetResetCalibrationStatus  stm32f10x_adc.o
    0x080002da   0x080002da   0x00000002   PAD
    0x080002dc   0x080002dc   0x00000050   Code   RO          373    i.ADC_Init          stm32f10x_adc.o
    0x0800032c   0x0800032c   0x000000b8   Code   RO          377    i.ADC_RegularChannelConfig  stm32f10x_adc.o
    0x080003e4   0x080003e4   0x0000000a   Code   RO          378    i.ADC_ResetCalibration  stm32f10x_adc.o
    0x080003ee   0x080003ee   0x00000016   Code   RO          380    i.ADC_SoftwareStartConvCmd  stm32f10x_adc.o
    0x08000404   0x08000404   0x0000000a   Code   RO          382    i.ADC_StartCalibration  stm32f10x_adc.o
    0x0800040e   0x0800040e   0x00000002   PAD
    0x08000410   0x08000410   0x00000058   Code   RO          242    i.Check_OCD         utils.o
    0x08000468   0x08000468   0x0000002c   Code   RO          106    i.Configure_ADC_Channels  adc_config.o
    0x08000494   0x08000494   0x00000002   Code   RO         1888    i.DMA1_Channel1_Event  dma_stm32f10x.o
    0x08000496   0x08000496   0x00000002   PAD
    0x08000498   0x08000498   0x0000001c   Code   RO         1889    i.DMA1_Channel1_IRQHandler  dma_stm32f10x.o
    0x080004b4   0x080004b4   0x00000002   Code   RO         1890    i.DMA1_Channel2_Event  dma_stm32f10x.o
    0x080004b6   0x080004b6   0x00000002   PAD
    0x080004b8   0x080004b8   0x0000001c   Code   RO         1891    i.DMA1_Channel2_IRQHandler  dma_stm32f10x.o
    0x080004d4   0x080004d4   0x00000002   Code   RO         1892    i.DMA1_Channel3_Event  dma_stm32f10x.o
    0x080004d6   0x080004d6   0x00000002   PAD
    0x080004d8   0x080004d8   0x0000001c   Code   RO         1893    i.DMA1_Channel3_IRQHandler  dma_stm32f10x.o
    0x080004f4   0x080004f4   0x00000002   Code   RO         1894    i.DMA1_Channel4_Event  dma_stm32f10x.o
    0x080004f6   0x080004f6   0x00000002   PAD
    0x080004f8   0x080004f8   0x0000001c   Code   RO         1895    i.DMA1_Channel4_IRQHandler  dma_stm32f10x.o
    0x08000514   0x08000514   0x00000002   Code   RO         1896    i.DMA1_Channel5_Event  dma_stm32f10x.o
    0x08000516   0x08000516   0x00000002   PAD
    0x08000518   0x08000518   0x0000001c   Code   RO         1897    i.DMA1_Channel5_IRQHandler  dma_stm32f10x.o
    0x08000534   0x08000534   0x00000002   Code   RO         1898    i.DMA1_Channel6_Event  dma_stm32f10x.o
    0x08000536   0x08000536   0x00000002   PAD
    0x08000538   0x08000538   0x0000001c   Code   RO         1899    i.DMA1_Channel6_IRQHandler  dma_stm32f10x.o
    0x08000554   0x08000554   0x00000002   Code   RO         1900    i.DMA1_Channel7_Event  dma_stm32f10x.o
    0x08000556   0x08000556   0x00000002   PAD
    0x08000558   0x08000558   0x0000001c   Code   RO         1901    i.DMA1_Channel7_IRQHandler  dma_stm32f10x.o
    0x08000574   0x08000574   0x00000024   Code   RO          243    i.Disconnect_Contactors  utils.o
    0x08000598   0x08000598   0x00000116   Code   RO          840    i.GPIO_Init         stm32f10x_gpio.o
    0x080006ae   0x080006ae   0x00000012   Code   RO          844    i.GPIO_ReadInputDataBit  stm32f10x_gpio.o
    0x080006c0   0x080006c0   0x00000004   Code   RO          847    i.GPIO_ResetBits    stm32f10x_gpio.o
    0x080006c4   0x080006c4   0x00000004   Code   RO          848    i.GPIO_SetBits      stm32f10x_gpio.o
    0x080006c8   0x080006c8   0x00000010   Code   RO          849    i.GPIO_StructInit   stm32f10x_gpio.o
    0x080006d8   0x080006d8   0x00000034   Code   RO          107    i.Get_ADC_Converted_Value  adc_config.o
    0x0800070c   0x0800070c   0x00000060   Code   RO          108    i.Get_Current_Voltage_Readings  adc_config.o
    0x0800076c   0x0800076c   0x00000050   Code   RO          194    i.Get_Temperature_Readings  spi_config.o
    0x080007bc   0x080007bc   0x00000018   Code   RO          195    i.MicrosecondDelay  spi_config.o
    0x080007d4   0x080007d4   0x000000d0   Code   RO          109    i.PeripheralInit_ADC1  adc_config.o
    0x080008a4   0x080008a4   0x000000a4   Code   RO          244    i.PeripheralInit_GPIO  utils.o
    0x08000948   0x08000948   0x000000e4   Code   RO          196    i.PeripheralInit_SPI1  spi_config.o
    0x08000a2c   0x08000a2c   0x00000048   Code   RO          245    i.PeripheralInit_TIM2  utils.o
    0x08000a74   0x08000a74   0x00000020   Code   RO          962    i.RCC_APB1PeriphClockCmd  stm32f10x_rcc.o
    0x08000a94   0x08000a94   0x00000020   Code   RO          964    i.RCC_APB2PeriphClockCmd  stm32f10x_rcc.o
    0x08000ab4   0x08000ab4   0x00000020   Code   RO          965    i.RCC_APB2PeriphResetCmd  stm32f10x_rcc.o
    0x08000ad4   0x08000ad4   0x00000018   Code   RO         1177    i.SPI_Cmd           stm32f10x_spi.o
    0x08000aec   0x08000aec   0x00000012   Code   RO         1185    i.SPI_I2S_GetFlagStatus  stm32f10x_spi.o
    0x08000afe   0x08000afe   0x00000006   Code   RO         1188    i.SPI_I2S_ReceiveData  stm32f10x_spi.o
    0x08000b04   0x08000b04   0x00000004   Code   RO         1189    i.SPI_I2S_SendData  stm32f10x_spi.o
    0x08000b08   0x08000b08   0x0000003c   Code   RO         1190    i.SPI_Init          stm32f10x_spi.o
    0x08000b44   0x08000b44   0x00000018   Code   RO         1193    i.SPI_StructInit    stm32f10x_spi.o
    0x08000b5c   0x08000b5c   0x00000008   Code   RO         2081    i.SetSysClock       system_stm32f10x.o
    0x08000b64   0x08000b64   0x000000e0   Code   RO         2082    i.SetSysClockTo72   system_stm32f10x.o
    0x08000c44   0x08000c44   0x00000048   Code   RO          247    i.Set_LEDS          utils.o
    0x08000c8c   0x08000c8c   0x00000060   Code   RO         2084    i.SystemInit        system_stm32f10x.o
    0x08000cec   0x08000cec   0x00000006   Code   RO         1339    i.TIM_ClearITPendingBit  stm32f10x_tim.o
    0x08000cf2   0x08000cf2   0x00000018   Code   RO         1344    i.TIM_Cmd           stm32f10x_tim.o
    0x08000d0a   0x08000d0a   0x00000022   Code   RO         1365    i.TIM_GetITStatus   stm32f10x_tim.o
    0x08000d2c   0x08000d2c   0x00000012   Code   RO         1369    i.TIM_ITConfig      stm32f10x_tim.o
    0x08000d3e   0x08000d3e   0x00000002   PAD
    0x08000d40   0x08000d40   0x000000a4   Code   RO         1415    i.TIM_TimeBaseInit  stm32f10x_tim.o
    0x08000de4   0x08000de4   0x00000044   Code   RO          197    i.Transfer_16b_SPI1_Master  spi_config.o
    0x08000e28   0x08000e28   0x00000158   Code   RO          154    i.main              main.o
    0x08000f80   0x08000f80   0x00000036   Data   RO          110    .constdata          adc_config.o
    0x08000fb6   0x08000fb6   0x00000002   PAD
    0x08000fb8   0x08000fb8   0x00000024   Data   RO          156    .constdata          main.o
    0x08000fdc   0x08000fdc   0x00000016   Data   RO          198    .constdata          spi_config.o
    0x08000ff2   0x08000ff2   0x00000002   PAD
    0x08000ff4   0x08000ff4   0x00000010   Data   RO         2283    Region$$Table       anon$$obj.o


    Execution Region ER_RW (Exec base: 0x20000000, Load base: 0x08001004, Size: 0x00000000, Max: 0xffffffff, ABSOLUTE)

    **** No section assigned to this execution region ****


    Execution Region ER_ZI (Exec base: 0x20000000, Load base: 0x08001004, Size: 0x00000660, Max: 0xffffffff, ABSOLUTE)

    Exec Addr    Load Addr    Size         Type   Attr      Idx    E Section Name        Object

    0x20000000        -       0x00000060   Zero   RW         2157    .bss                c_w.l(libspace.o)
    0x20000060        -       0x00000200   Zero   RW         2072    HEAP                startup_stm32f10x_md.o
    0x20000260        -       0x00000400   Zero   RW         2071    STACK               startup_stm32f10x_md.o


==============================================================================

Image component sizes


      Code (inc. data)   RO Data    RW Data    ZI Data      Debug   Object Name

       400         40         54          0          0       3317   adc_config.o
         0          0          0          0          0     251156   can.o
       210         30          0          0          0       7259   dma_stm32f10x.o
       344          6         36          0          0       1815   main.o
       400         24         22          0          0       3026   spi_config.o
        64         26        236          0       1536        828   startup_stm32f10x_md.o
       486         24          0          0          0       9046   stm32f10x_adc.o
       320          0          0          0          0       4418   stm32f10x_gpio.o
        96         18          0          0          0       1815   stm32f10x_rcc.o
       136          0          0          0          0       4631   stm32f10x_spi.o
       246         42          0          0          0       3874   stm32f10x_tim.o
       328         28          0          0          0       2021   system_stm32f10x.o
       432         34          0          0          0       2743   utils.o

    ----------------------------------------------------------------------
      3482        272        368          0       1536     295949   Object Totals
         0          0         16          0          0          0   (incl. Generated)
        20          0          4          0          0          0   (incl. Padding)

    ----------------------------------------------------------------------

      Code (inc. data)   RO Data    RW Data    ZI Data      Debug   Library Member Name

         8          0          0          0          0         68   __main.o
         0          0          0          0          0          0   __rtentry.o
        12          0          0          0          0          0   __rtentry2.o
         6          0          0          0          0          0   __rtentry4.o
        52          8          0          0          0          0   __scatter.o
        28          0          0          0          0          0   __scatter_zi.o
        18          0          0          0          0         80   exit.o
         6          0          0          0          0        152   heapauxi.o
         0          0          0          0          0          0   indicate_semi.o
         2          0          0          0          0          0   libinit.o
         2          0          0          0          0          0   libinit2.o
         2          0          0          0          0          0   libshutdown.o
         2          0          0          0          0          0   libshutdown2.o
         8          4          0          0         96         68   libspace.o
         2          0          0          0          0          0   rtexit.o
        10          0          0          0          0          0   rtexit2.o
        12          4          0          0          0         68   sys_exit.o
        74          0          0          0          0         80   sys_stackheap_outer.o
         2          0          0          0          0         68   use_no_semi.o

    ----------------------------------------------------------------------
       250         16          0          0         96        584   Library Totals
         4          0          0          0          0          0   (incl. Padding)

    ----------------------------------------------------------------------

      Code (inc. data)   RO Data    RW Data    ZI Data      Debug   Library Name

       246         16          0          0         96        584   c_w.l

    ----------------------------------------------------------------------
       250         16          0          0         96        584   Library Totals

    ----------------------------------------------------------------------

==============================================================================


      Code (inc. data)   RO Data    RW Data    ZI Data      Debug   

      3732        288        368          0       1632     293289   Grand Totals
      3732        288        368          0       1632     293289   ELF Image Totals
      3732        288        368          0          0          0   ROM Totals

==============================================================================

    Total RO  Size (Code + RO Data)                 4100 (   4.00kB)
    Total RW  Size (RW Data + ZI Data)              1632 (   1.59kB)
    Total ROM Size (Code + RO Data + RW Data)       4100 (   4.00kB)

==============================================================================

